
 /----------------------------------------------------------------------------\
 |  yosys -- Yosys Open SYnthesis Suite                                       |
 |  Copyright (C) 2012 - 2026  Claire Xenia Wolf <claire@yosyshq.com>         |
 |  Distributed under an ISC-like license, type "license" to see terms        |
 \----------------------------------------------------------------------------/
 Yosys 0.69+24 (git sha1 d0e71cfb7-dirty, Release, Clang /usr/bin/clang++ 21.1.8)

-- Executing script file `out/alu_synth.ys' --

1. Executing Verilog-2005 frontend: ../rtl/alu.sv
Parsing SystemVerilog input from `../rtl/alu.sv' to AST representation.
Generating RTLIL representation for module `\alu'.
Successfully finished Verilog frontend.

2. Executing Verilog-2005 frontend: ../rtl/muldiv.sv
Parsing SystemVerilog input from `../rtl/muldiv.sv' to AST representation.
Generating RTLIL representation for module `\muldiv'.
Successfully finished Verilog frontend.

3. Executing Verilog-2005 frontend: ../rtl/regfile.sv
Parsing SystemVerilog input from `../rtl/regfile.sv' to AST representation.
Generating RTLIL representation for module `\regfile'.
Successfully finished Verilog frontend.

4. Executing Verilog-2005 frontend: ../rtl/decode.sv
Parsing SystemVerilog input from `../rtl/decode.sv' to AST representation.
Generating RTLIL representation for module `\decode'.
Successfully finished Verilog frontend.

5. Executing Verilog-2005 frontend: ../rtl/core.sv
Parsing SystemVerilog input from `../rtl/core.sv' to AST representation.
Generating RTLIL representation for module `\core'.
Successfully finished Verilog frontend.

6. Executing HIERARCHY pass (managing design hierarchy).

6.1. Analyzing design hierarchy..
Top module:  \alu

6.2. Analyzing design hierarchy..
Top module:  \alu
Removing unused module `\core'.
Removing unused module `\decode'.
Removing unused module `\regfile'.
Removing unused module `\muldiv'.
Removed 4 unused modules.

7. Executing SYNTH pass.

7.1. Executing HIERARCHY pass (managing design hierarchy).

7.1.1. Analyzing design hierarchy..
Top module:  \alu

7.1.2. Analyzing design hierarchy..
Top module:  \alu
Removed 0 unused modules.

7.2. Executing PROC pass (convert processes to netlists).

7.2.1. Executing PROC_CLEAN pass (remove empty switches from decision trees).
Cleaned up 0 empty switches.

7.2.2. Executing PROC_RMDEAD pass (remove dead branches from decision trees).
Marked 1 switch rules as full_case in process $proc$../rtl/alu.sv:9$1 in module alu.
Removed a total of 0 dead cases.

7.2.3. Executing PROC_PRUNE pass (remove redundant assignments in processes).
Removed 0 redundant assignments.
Promoted 2 assignments to connections.

7.2.4. Executing PROC_INIT pass (extract init attributes).

7.2.5. Executing PROC_ARST pass (detect async resets in processes).

7.2.6. Executing PROC_ROM pass (convert switches to ROMs).
Converted 0 switches.
<suppressed ~3 debug messages>

7.2.7. Executing PROC_MUX pass (convert decision trees to multiplexers).
Creating decoders for process `\alu.$proc$../rtl/alu.sv:9$1'.
     1/4: $2\y[63:0]
     2/4: $2\yw[31:0]
     3/4: $1\y[63:0]
     4/4: $1\yw[31:0]

7.2.8. Executing PROC_DLATCH pass (convert process syncs to latches).
No latch inferred for signal `\alu.\y' from process `\alu.$proc$../rtl/alu.sv:9$1'.
No latch inferred for signal `\alu.\yw' from process `\alu.$proc$../rtl/alu.sv:9$1'.

7.2.9. Executing PROC_DFF pass (convert process syncs to FFs).

7.2.10. Executing PROC_MEMWR pass (convert process memory writes to cells).

7.2.11. Executing PROC_CLEAN pass (remove empty switches from decision trees).
Found and cleaned up 3 empty switches in `\alu.$proc$../rtl/alu.sv:9$1'.
Removing empty process `alu.$proc$../rtl/alu.sv:9$1'.
Cleaned up 3 empty switches.

7.2.12. Executing OPT_EXPR pass (perform const folding).
Optimizing module alu.
<suppressed ~2 debug messages>

7.3. Executing OPT_EXPR pass (perform const folding).
Optimizing module alu.

7.4. Executing CHECK pass (checking for obvious problems).
Checking module alu...
Found and reported 0 problems.

7.5. Executing OPT_CLEAN pass (remove unused cells and wires).
Finding unused cells or wires in module \alu..
Removed 1 unused cells and 13 unused wires.
<suppressed ~3 debug messages>

7.6. Executing OPT pass (performing simple optimizations).

7.6.1. Executing OPT_EXPR pass (perform const folding).
Optimizing module alu.

7.6.2. Executing OPT_MERGE pass (detect identical cells).
Finding identical cells in module `\alu'.
Computing hashes of 37 cells of `\alu'.
Finding duplicate cells in `\alu'.
Computing hashes of 32 cells of `\alu'.
Finding duplicate cells in `\alu'.
<suppressed ~15 debug messages>
Removed a total of 5 cells.

7.6.3. Executing OPT_MUXTREE pass (detect dead branches in mux trees).
Running muxtree optimizer on module \alu..
  Creating internal representation of mux trees.
  Evaluating internal representation of mux trees.
  Analyzing evaluation results.
    dead port 1/2 on $mux $procmux$109.
    dead port 2/2 on $mux $procmux$119.
Removed 2 multiplexer ports.
<suppressed ~8 debug messages>

7.6.4. Executing OPT_REDUCE pass (consolidate $*mux and $reduce_* inputs).
  Optimizing cells in module \alu.
Performed a total of 0 changes.

7.6.5. Executing OPT_MERGE pass (detect identical cells).
Finding identical cells in module `\alu'.
Computing hashes of 30 cells of `\alu'.
Finding duplicate cells in `\alu'.
Removed a total of 0 cells.

7.6.6. Executing OPT_DFF pass (perform DFF optimizations).

7.6.7. Executing OPT_CLEAN pass (remove unused cells and wires).
Finding unused cells or wires in module \alu..
Removed 0 unused cells and 7 unused wires.
<suppressed ~1 debug messages>

7.6.8. Executing OPT_EXPR pass (perform const folding).
Optimizing module alu.

7.6.9. Rerunning OPT passes. (Maybe there is more to do..)

7.6.10. Executing OPT_MUXTREE pass (detect dead branches in mux trees).
Running muxtree optimizer on module \alu..
  Creating internal representation of mux trees.
  Evaluating internal representation of mux trees.
  Analyzing evaluation results.
Removed 0 multiplexer ports.
<suppressed ~6 debug messages>

7.6.11. Executing OPT_REDUCE pass (consolidate $*mux and $reduce_* inputs).
  Optimizing cells in module \alu.
Performed a total of 0 changes.

7.6.12. Executing OPT_MERGE pass (detect identical cells).
Finding identical cells in module `\alu'.
Computing hashes of 30 cells of `\alu'.
Finding duplicate cells in `\alu'.
Removed a total of 0 cells.

7.6.13. Executing OPT_DFF pass (perform DFF optimizations).

7.6.14. Executing OPT_CLEAN pass (remove unused cells and wires).
Finding unused cells or wires in module \alu..

7.6.15. Executing OPT_EXPR pass (perform const folding).
Optimizing module alu.

7.6.16. Finished fast OPT passes. (There is nothing left to do.)

7.7. Executing FSM pass (extract and optimize FSM).

7.7.1. Executing FSM_DETECT pass (finding FSMs in design).

7.7.2. Executing FSM_EXTRACT pass (extracting FSM from design).

7.7.3. Executing FSM_OPT pass (simple optimizations of FSMs).

7.7.4. Executing OPT_CLEAN pass (remove unused cells and wires).
Finding unused cells or wires in module \alu..

7.7.5. Executing FSM_OPT pass (simple optimizations of FSMs).

7.7.6. Executing FSM_RECODE pass (re-assigning FSM state encoding).

7.7.7. Executing FSM_INFO pass (dumping all available information on FSM cells).

7.7.8. Executing FSM_MAP pass (mapping FSMs to basic logic).

7.8. Executing OPT pass (performing simple optimizations).

7.8.1. Executing OPT_EXPR pass (perform const folding).
Optimizing module alu.

7.8.2. Executing OPT_MERGE pass (detect identical cells).
Finding identical cells in module `\alu'.
Computing hashes of 30 cells of `\alu'.
Finding duplicate cells in `\alu'.
Removed a total of 0 cells.

7.8.3. Executing OPT_MUXTREE pass (detect dead branches in mux trees).
Running muxtree optimizer on module \alu..
  Creating internal representation of mux trees.
  Evaluating internal representation of mux trees.
  Analyzing evaluation results.
Removed 0 multiplexer ports.
<suppressed ~6 debug messages>

7.8.4. Executing OPT_REDUCE pass (consolidate $*mux and $reduce_* inputs).
  Optimizing cells in module \alu.
Performed a total of 0 changes.

7.8.5. Executing OPT_MERGE pass (detect identical cells).
Finding identical cells in module `\alu'.
Computing hashes of 30 cells of `\alu'.
Finding duplicate cells in `\alu'.
Removed a total of 0 cells.

7.8.6. Executing OPT_DFF pass (perform DFF optimizations).

7.8.7. Executing OPT_CLEAN pass (remove unused cells and wires).
Finding unused cells or wires in module \alu..

7.8.8. Executing OPT_EXPR pass (perform const folding).
Optimizing module alu.

7.8.9. Finished fast OPT passes. (There is nothing left to do.)

7.9. Executing WREDUCE pass (reducing word size of cells).
Removed top 63 bits (of 64) from mux cell alu.$ternary$../rtl/alu.sv:26$11 ($mux).
Removed top 63 bits (of 64) from mux cell alu.$ternary$../rtl/alu.sv:27$13 ($mux).
Removed top 1 bits (of 4) from port B of cell alu.$procmux$102_CMP0 ($eq).
Removed top 1 bits (of 4) from port B of cell alu.$procmux$103_CMP0 ($eq).
Removed top 2 bits (of 4) from port B of cell alu.$procmux$104_CMP0 ($eq).
Removed top 1 bits (of 4) from port B of cell alu.$procmux$114_CMP0 ($eq).
Removed top 1 bits (of 4) from port B of cell alu.$procmux$115_CMP0 ($eq).
Removed top 2 bits (of 4) from port B of cell alu.$procmux$116_CMP0 ($eq).
Removed top 3 bits (of 4) from port B of cell alu.$procmux$117_CMP0 ($eq).
Removed top 63 bits (of 64) from wire alu.$ternary$../rtl/alu.sv:27$13_Y.
Removed top 63 bits (of 64) from wire alu.$ternary$../rtl/alu.sv:26$11_Y.

7.10. Executing PEEPOPT pass (run peephole optimizers).

7.11. Executing OPT_CLEAN pass (remove unused cells and wires).
Finding unused cells or wires in module \alu..
Removed 0 unused cells and 2 unused wires.
<suppressed ~1 debug messages>

7.12. Executing ALUMACC pass (create $alu and $macc cells).
Extracting $alu and $macc cells in module alu:
  creating $macc model for $sub$../rtl/alu.sv:24$8 ($sub).
  creating $macc model for $add$../rtl/alu.sv:23$7 ($add).
  creating $macc model for $sub$../rtl/alu.sv:14$3 ($sub).
  creating $macc model for $add$../rtl/alu.sv:13$2 ($add).
  creating $alu model for $macc $add$../rtl/alu.sv:13$2.
  creating $alu model for $macc $sub$../rtl/alu.sv:14$3.
  creating $alu model for $macc $add$../rtl/alu.sv:23$7.
  creating $alu model for $macc $sub$../rtl/alu.sv:24$8.
  creating $alu model for $lt$../rtl/alu.sv:27$12 ($lt): merged with $sub$../rtl/alu.sv:24$8.
  creating $alu model for $lt$../rtl/alu.sv:26$10 ($lt): merged with $sub$../rtl/alu.sv:24$8.
  creating $alu cell for $sub$../rtl/alu.sv:24$8, $lt$../rtl/alu.sv:27$12, $lt$../rtl/alu.sv:26$10: $auto$alumacc.cc:548:replace_alu$129
  creating $alu cell for $add$../rtl/alu.sv:23$7: $auto$alumacc.cc:548:replace_alu$138
  creating $alu cell for $sub$../rtl/alu.sv:14$3: $auto$alumacc.cc:548:replace_alu$141
  creating $alu cell for $add$../rtl/alu.sv:13$2: $auto$alumacc.cc:548:replace_alu$144
  created 4 $alu and 0 $macc cells.

7.13. Executing SHARE pass (SAT-based resource sharing).
Found 6 cells in module alu that may be considered for resource sharing.
  Analyzing resource sharing options for $shl$../rtl/alu.sv:15$4 ($shl):
    Found 1 activation_patterns using ctrl signal { $procmux$105_CMP \is_word }.
    Found 1 candidates: $shl$../rtl/alu.sv:25$9
    Analyzing resource sharing with $shl$../rtl/alu.sv:25$9 ($shl):
      Found 1 activation_patterns using ctrl signal { $procmux$105_CMP \is_word }.
      Activation pattern for cell $shl$../rtl/alu.sv:15$4: { $procmux$105_CMP \is_word } = 2'11
      Activation pattern for cell $shl$../rtl/alu.sv:25$9: { $procmux$105_CMP \is_word } = 2'10
      According to the SAT solver this pair of cells can be shared. (Pattern only case)
      Simplified activation pattern for cell $shl$../rtl/alu.sv:15$4: \is_word = 1'1
      Simplified activation pattern for cell $shl$../rtl/alu.sv:25$9: \is_word = 1'0
      Activation signal for $shl$../rtl/alu.sv:15$4: $auto$share.cc:1066:make_cell_activation_logic$147
      New cell: $auto$share.cc:667:make_supercell$154 ($shl)
  Analyzing resource sharing options for $auto$share.cc:667:make_supercell$154 ($shl):
    Found 1 activation_patterns using ctrl signal $procmux$105_CMP.
    No candidates found.
  Analyzing resource sharing options for $sshr$../rtl/alu.sv:17$6 ($sshr):
    Found 1 activation_patterns using ctrl signal { $procmux$100_CMP \is_word }.
    Found 1 candidates: $sshr$../rtl/alu.sv:30$16
    Analyzing resource sharing with $sshr$../rtl/alu.sv:30$16 ($sshr):
      Found 1 activation_patterns using ctrl signal { $procmux$100_CMP \is_word }.
      Activation pattern for cell $sshr$../rtl/alu.sv:17$6: { $procmux$100_CMP \is_word } = 2'11
      Activation pattern for cell $sshr$../rtl/alu.sv:30$16: { $procmux$100_CMP \is_word } = 2'10
      According to the SAT solver this pair of cells can be shared. (Pattern only case)
      Simplified activation pattern for cell $sshr$../rtl/alu.sv:17$6: \is_word = 1'1
      Simplified activation pattern for cell $sshr$../rtl/alu.sv:30$16: \is_word = 1'0
      Activation signal for $sshr$../rtl/alu.sv:17$6: $auto$share.cc:1066:make_cell_activation_logic$157
      New cell: $auto$share.cc:667:make_supercell$164 ($sshr)
  Analyzing resource sharing options for $auto$share.cc:667:make_supercell$164 ($sshr):
    Found 1 activation_patterns using ctrl signal $procmux$100_CMP.
    No candidates found.
  Analyzing resource sharing options for $shr$../rtl/alu.sv:29$15 ($shr):
    Found 1 activation_patterns using ctrl signal { $procmux$101_CMP \is_word }.
    Found 1 candidates: $shr$../rtl/alu.sv:16$5
    Analyzing resource sharing with $shr$../rtl/alu.sv:16$5 ($shr):
      Found 1 activation_patterns using ctrl signal { $procmux$101_CMP \is_word }.
      Activation pattern for cell $shr$../rtl/alu.sv:29$15: { $procmux$101_CMP \is_word } = 2'10
      Activation pattern for cell $shr$../rtl/alu.sv:16$5: { $procmux$101_CMP \is_word } = 2'11
      According to the SAT solver this pair of cells can be shared. (Pattern only case)
      Simplified activation pattern for cell $shr$../rtl/alu.sv:29$15: \is_word = 1'0
      Simplified activation pattern for cell $shr$../rtl/alu.sv:16$5: \is_word = 1'1
      Activation signal for $shr$../rtl/alu.sv:29$15: $auto$share.cc:1066:make_cell_activation_logic$167
      New cell: $auto$share.cc:667:make_supercell$174 ($shr)
  Analyzing resource sharing options for $auto$share.cc:667:make_supercell$174 ($shr):
    Found 1 activation_patterns using ctrl signal $procmux$101_CMP.
    No candidates found.
Removing 6 cells in module alu:
  Removing cell $shr$../rtl/alu.sv:16$5 ($shr).
  Removing cell $shr$../rtl/alu.sv:29$15 ($shr).
  Removing cell $sshr$../rtl/alu.sv:30$16 ($sshr).
  Removing cell $sshr$../rtl/alu.sv:17$6 ($sshr).
  Removing cell $shl$../rtl/alu.sv:25$9 ($shl).
  Removing cell $shl$../rtl/alu.sv:15$4 ($shl).

7.14. Executing OPT pass (performing simple optimizations).

7.14.1. Executing OPT_EXPR pass (perform const folding).
Optimizing module alu.
<suppressed ~6 debug messages>

7.14.2. Executing OPT_MERGE pass (detect identical cells).
Finding identical cells in module `\alu'.
Computing hashes of 41 cells of `\alu'.
Finding duplicate cells in `\alu'.
Removed a total of 0 cells.

7.14.3. Executing OPT_MUXTREE pass (detect dead branches in mux trees).
Running muxtree optimizer on module \alu..
  Creating internal representation of mux trees.
  Evaluating internal representation of mux trees.
  Analyzing evaluation results.
Removed 0 multiplexer ports.
<suppressed ~18 debug messages>

7.14.4. Executing OPT_REDUCE pass (consolidate $*mux and $reduce_* inputs).
  Optimizing cells in module \alu.
Performed a total of 0 changes.

7.14.5. Executing OPT_MERGE pass (detect identical cells).
Finding identical cells in module `\alu'.
Computing hashes of 41 cells of `\alu'.
Finding duplicate cells in `\alu'.
Computing hashes of 38 cells of `\alu'.
Finding duplicate cells in `\alu'.
<suppressed ~9 debug messages>
Removed a total of 3 cells.

7.14.6. Executing OPT_DFF pass (perform DFF optimizations).

7.14.7. Executing OPT_CLEAN pass (remove unused cells and wires).
Finding unused cells or wires in module \alu..
Removed 2 unused cells and 15 unused wires.
<suppressed ~9 debug messages>

7.14.8. Executing OPT_EXPR pass (perform const folding).
Optimizing module alu.

7.14.9. Rerunning OPT passes. (Maybe there is more to do..)

7.14.10. Executing OPT_MUXTREE pass (detect dead branches in mux trees).
Running muxtree optimizer on module \alu..
  Creating internal representation of mux trees.
  Evaluating internal representation of mux trees.
  Analyzing evaluation results.
Removed 0 multiplexer ports.
<suppressed ~12 debug messages>

7.14.11. Executing OPT_REDUCE pass (consolidate $*mux and $reduce_* inputs).
  Optimizing cells in module \alu.
Performed a total of 0 changes.

7.14.12. Executing OPT_MERGE pass (detect identical cells).
Finding identical cells in module `\alu'.
Computing hashes of 30 cells of `\alu'.
Finding duplicate cells in `\alu'.
Removed a total of 0 cells.

7.14.13. Executing OPT_DFF pass (perform DFF optimizations).

7.14.14. Executing OPT_CLEAN pass (remove unused cells and wires).
Finding unused cells or wires in module \alu..

7.14.15. Executing OPT_EXPR pass (perform const folding).
Optimizing module alu.

7.14.16. Finished fast OPT passes. (There is nothing left to do.)

7.15. Executing MEMORY pass.

7.15.1. Executing OPT_MEM pass (optimize memories).
Performed a total of 0 transformations.

7.15.2. Executing OPT_MEM_PRIORITY pass (removing unnecessary memory write priority relations).
Performed a total of 0 transformations.

7.15.3. Executing OPT_MEM_FEEDBACK pass (finding memory read-to-write feedback paths).

7.15.4. Executing MEMORY_BMUX2ROM pass (converting muxes to ROMs).

7.15.5. Executing MEMORY_DFF pass (merging $dff cells to $memrd).

7.15.6. Executing OPT_CLEAN pass (remove unused cells and wires).
Finding unused cells or wires in module \alu..

7.15.7. Executing MEMORY_SHARE pass (consolidating $memrd/$memwr cells).

7.15.8. Executing OPT_MEM_WIDEN pass (optimize memories where all ports are wide).
Performed a total of 0 transformations.

7.15.9. Executing OPT_CLEAN pass (remove unused cells and wires).
Finding unused cells or wires in module \alu..

7.15.10. Executing MEMORY_COLLECT pass (generating $mem cells).

7.16. Executing OPT_CLEAN pass (remove unused cells and wires).
Finding unused cells or wires in module \alu..

7.17. Executing OPT pass (performing simple optimizations).

7.17.1. Executing OPT_EXPR pass (perform const folding).
Optimizing module alu.
<suppressed ~2 debug messages>

7.17.2. Executing OPT_MERGE pass (detect identical cells).
Finding identical cells in module `\alu'.
Computing hashes of 29 cells of `\alu'.
Finding duplicate cells in `\alu'.
Removed a total of 0 cells.

7.17.3. Executing OPT_DFF pass (perform DFF optimizations).

7.17.4. Executing OPT_CLEAN pass (remove unused cells and wires).
Finding unused cells or wires in module \alu..
Removed 0 unused cells and 1 unused wires.
<suppressed ~1 debug messages>

7.17.5. Finished fast OPT passes.

7.18. Executing MEMORY_MAP pass (converting memories to logic and flip-flops).

7.19. Executing OPT pass (performing simple optimizations).

7.19.1. Executing OPT_EXPR pass (perform const folding).
Optimizing module alu.

7.19.2. Executing OPT_MERGE pass (detect identical cells).
Finding identical cells in module `\alu'.
Computing hashes of 29 cells of `\alu'.
Finding duplicate cells in `\alu'.
Removed a total of 0 cells.

7.19.3. Executing OPT_MUXTREE pass (detect dead branches in mux trees).
Running muxtree optimizer on module \alu..
  Creating internal representation of mux trees.
  Evaluating internal representation of mux trees.
  Analyzing evaluation results.
Removed 0 multiplexer ports.
<suppressed ~10 debug messages>

7.19.4. Executing OPT_REDUCE pass (consolidate $*mux and $reduce_* inputs).
  Optimizing cells in module \alu.
    Consolidated identical input bits for $mux cell $auto$share.cc:661:make_supercell$162:
      Old ports: A=\b [5:0], B={ 1'0 \b [4:0] }, Y=$auto$share.cc:658:make_supercell$150
      New ports: A=\b [5], B=1'0, Y=$auto$share.cc:658:make_supercell$150 [5]
      New connections: $auto$share.cc:658:make_supercell$150 [4:0] = \b [4:0]
    Consolidated identical input bits for $mux cell $auto$share.cc:660:make_supercell$161:
      Old ports: A=\a, B={ \a [31] \a [31] \a [31] \a [31] \a [31] \a [31] \a [31] \a [31] \a [31] \a [31] \a [31] \a [31] \a [31] \a [31] \a [31] \a [31] \a [31] \a [31] \a [31] \a [31] \a [31] \a [31] \a [31] \a [31] \a [31] \a [31] \a [31] \a [31] \a [31] \a [31] \a [31] \a [31] \a [31:0] }, Y=$auto$share.cc:657:make_supercell$159
      New ports: A=\a [63:32], B={ \a [31] \a [31] \a [31] \a [31] \a [31] \a [31] \a [31] \a [31] \a [31] \a [31] \a [31] \a [31] \a [31] \a [31] \a [31] \a [31] \a [31] \a [31] \a [31] \a [31] \a [31] \a [31] \a [31] \a [31] \a [31] \a [31] \a [31] \a [31] \a [31] \a [31] \a [31] \a [31] }, Y=$auto$share.cc:657:make_supercell$159 [63:32]
      New connections: $auto$share.cc:657:make_supercell$159 [31:0] = \a [31:0]
    Consolidated identical input bits for $mux cell $auto$share.cc:660:make_supercell$151:
      Old ports: A=\a, B={ 32'00000000000000000000000000000000 \a [31:0] }, Y=$auto$share.cc:657:make_supercell$149
      New ports: A=\a [63:32], B=0, Y=$auto$share.cc:657:make_supercell$149 [63:32]
      New connections: $auto$share.cc:657:make_supercell$149 [31:0] = \a [31:0]
  Optimizing cells in module \alu.
Performed a total of 3 changes.

7.19.5. Executing OPT_MERGE pass (detect identical cells).
Finding identical cells in module `\alu'.
Computing hashes of 29 cells of `\alu'.
Finding duplicate cells in `\alu'.
Removed a total of 0 cells.

7.19.6. Executing OPT_SHARE pass.
    Found cells that share an operand and can be merged by moving the $pmux $procmux$113 in front of them:
        $auto$alumacc.cc:548:replace_alu$141
        $auto$alumacc.cc:548:replace_alu$144

7.19.7. Executing OPT_DFF pass (perform DFF optimizations).

7.19.8. Executing OPT_CLEAN pass (remove unused cells and wires).
Finding unused cells or wires in module \alu..
Removed 0 unused cells and 6 unused wires.
<suppressed ~1 debug messages>

7.19.9. Executing OPT_EXPR pass (perform const folding).
Optimizing module alu.
<suppressed ~1 debug messages>

7.19.10. Rerunning OPT passes. (Maybe there is more to do..)

7.19.11. Executing OPT_MUXTREE pass (detect dead branches in mux trees).
Running muxtree optimizer on module \alu..
  Creating internal representation of mux trees.
  Evaluating internal representation of mux trees.
  Analyzing evaluation results.
Removed 0 multiplexer ports.
<suppressed ~12 debug messages>

7.19.12. Executing OPT_REDUCE pass (consolidate $*mux and $reduce_* inputs).
  Optimizing cells in module \alu.
    New ctrl vector for $pmux cell $procmux$113: { $procmux$100_CMP $procmux$101_CMP $procmux$105_CMP $auto$opt_reduce.cc:137:opt_pmux$185 }
  Optimizing cells in module \alu.
Performed a total of 1 changes.

7.19.13. Executing OPT_MERGE pass (detect identical cells).
Finding identical cells in module `\alu'.
Computing hashes of 31 cells of `\alu'.
Finding duplicate cells in `\alu'.
Removed a total of 0 cells.

7.19.14. Executing OPT_SHARE pass.

7.19.15. Executing OPT_DFF pass (perform DFF optimizations).

7.19.16. Executing OPT_CLEAN pass (remove unused cells and wires).
Finding unused cells or wires in module \alu..

7.19.17. Executing OPT_EXPR pass (perform const folding).
Optimizing module alu.

7.19.18. Rerunning OPT passes. (Maybe there is more to do..)

7.19.19. Executing OPT_MUXTREE pass (detect dead branches in mux trees).
Running muxtree optimizer on module \alu..
  Creating internal representation of mux trees.
  Evaluating internal representation of mux trees.
  Analyzing evaluation results.
Removed 0 multiplexer ports.
<suppressed ~12 debug messages>

7.19.20. Executing OPT_REDUCE pass (consolidate $*mux and $reduce_* inputs).
  Optimizing cells in module \alu.
Performed a total of 0 changes.

7.19.21. Executing OPT_MERGE pass (detect identical cells).
Finding identical cells in module `\alu'.
Computing hashes of 31 cells of `\alu'.
Finding duplicate cells in `\alu'.
Removed a total of 0 cells.

7.19.22. Executing OPT_SHARE pass.

7.19.23. Executing OPT_DFF pass (perform DFF optimizations).

7.19.24. Executing OPT_CLEAN pass (remove unused cells and wires).
Finding unused cells or wires in module \alu..

7.19.25. Executing OPT_EXPR pass (perform const folding).
Optimizing module alu.

7.19.26. Finished fast OPT passes. (There is nothing left to do.)

7.20. Executing TECHMAP pass (map to technology primitives).

7.20.1. Executing Verilog-2005 frontend: /home/bomma/oss-cad-suite/lib/../share/yosys/techmap.v
Parsing Verilog input from `/home/bomma/oss-cad-suite/lib/../share/yosys/techmap.v' to AST representation.
Generating RTLIL representation for module `\_90_simplemap_bool_ops'.
Generating RTLIL representation for module `\_90_simplemap_reduce_ops'.
Generating RTLIL representation for module `\_90_simplemap_logic_ops'.
Generating RTLIL representation for module `\_90_simplemap_compare_ops'.
Generating RTLIL representation for module `\_90_simplemap_various'.
Generating RTLIL representation for module `\_90_simplemap_registers'.
Generating RTLIL representation for module `\_90_shift_ops_shr_shl_sshl_sshr'.
Generating RTLIL representation for module `\_90_shift_shiftx'.
Generating RTLIL representation for module `\_90_fa'.
Generating RTLIL representation for module `\_90_lcu_brent_kung'.
Generating RTLIL representation for module `\_90_alu'.
Generating RTLIL representation for module `\_90_macc'.
Generating RTLIL representation for module `\_90_alumacc'.
Generating RTLIL representation for module `$__div_mod_u'.
Generating RTLIL representation for module `$__div_mod_trunc'.
Generating RTLIL representation for module `\_90_div'.
Generating RTLIL representation for module `\_90_mod'.
Generating RTLIL representation for module `$__div_mod_floor'.
Generating RTLIL representation for module `\_90_divfloor'.
Generating RTLIL representation for module `\_90_modfloor'.
Generating RTLIL representation for module `\_90_pow'.
Generating RTLIL representation for module `\_90_demux'.
Generating RTLIL representation for module `\_90_lut'.
Generating RTLIL representation for module `$connect'.
Generating RTLIL representation for module `$input_port'.
Successfully finished Verilog frontend.

7.20.2. Continuing TECHMAP pass.
Using extmapper simplemap for cells of type $reduce_or.
Using extmapper simplemap for cells of type $mux.
Running "alumacc" on wrapper $extern:wrap:$neg:Y_WIDTH=32:A_WIDTH=32:A_SIGNED=0:394426c56d1a028ba8fdd5469b163e04011def47.
Using template $extern:wrap:$neg:Y_WIDTH=32:A_WIDTH=32:A_SIGNED=0:394426c56d1a028ba8fdd5469b163e04011def47 for cells of type $extern:wrap:$neg:Y_WIDTH=32:A_WIDTH=32:A_SIGNED=0:394426c56d1a028ba8fdd5469b163e04011def47.
Using template $paramod$constmap:586cb701bdbf9cf16b6a426b456e6b3682c970cf$paramod$a38ca63589d5073c040497f4afd2c2746e4720be\_90_shift_ops_shr_shl_sshl_sshr for cells of type $shr.
Using template $paramod$constmap:586cb701bdbf9cf16b6a426b456e6b3682c970cf$paramod$88eea8db8954ba064a2e8671fc71d372945341cd\_90_shift_ops_shr_shl_sshl_sshr for cells of type $sshr.
Using template $paramod$constmap:586cb701bdbf9cf16b6a426b456e6b3682c970cf$paramod$da1b9d25017ab9fffdd54bedbb1540b15f92e8df\_90_shift_ops_shr_shl_sshl_sshr for cells of type $shl.
Using template $paramod$fbc7873bff55778c0b3173955b7e4bce1d9d6834\_90_alu for cells of type $alu.
Using template $paramod$039520c137afc9cd69dd56c3fb11a4e1fbe5f664\_90_alu for cells of type $alu.
Using extmapper simplemap for cells of type $xor.
Using extmapper simplemap for cells of type $not.
Using extmapper simplemap for cells of type $or.
Using extmapper simplemap for cells of type $and.
Using extmapper simplemap for cells of type $eq.
Using extmapper simplemap for cells of type $pmux.
Using extmapper simplemap for cells of type $logic_not.
Using template $paramod$c6baa65225090ac0a120feab1b920965244aa496\_90_alu for cells of type $alu.
Using template $paramod\_90_fa\WIDTH=32'00000000000000000000000000100000 for cells of type $fa.
Using template $paramod\_90_lcu_brent_kung\WIDTH=32'00000000000000000000000000100000 for cells of type $lcu.
Using extmapper simplemap for cells of type $pos.
Using template $paramod\_90_fa\WIDTH=32'00000000000000000000000001000000 for cells of type $fa.
Using template $paramod\_90_lcu_brent_kung\WIDTH=32'00000000000000000000000001000000 for cells of type $lcu.
No more expansions possible.
<suppressed ~3693 debug messages>

7.21. Executing OPT pass (performing simple optimizations).

7.21.1. Executing OPT_EXPR pass (perform const folding).
Optimizing module alu.
<suppressed ~1251 debug messages>

7.21.2. Executing OPT_MERGE pass (detect identical cells).
Finding identical cells in module `\alu'.
Computing hashes of 4348 cells of `\alu'.
Finding duplicate cells in `\alu'.
Computing hashes of 3978 cells of `\alu'.
Finding duplicate cells in `\alu'.
Computing hashes of 3907 cells of `\alu'.
Finding duplicate cells in `\alu'.
Computing hashes of 3880 cells of `\alu'.
Finding duplicate cells in `\alu'.
Computing hashes of 3863 cells of `\alu'.
Finding duplicate cells in `\alu'.
Computing hashes of 3862 cells of `\alu'.
Finding duplicate cells in `\alu'.
<suppressed ~1458 debug messages>
Removed a total of 486 cells.

7.21.3. Executing OPT_DFF pass (perform DFF optimizations).

7.21.4. Executing OPT_CLEAN pass (remove unused cells and wires).
Finding unused cells or wires in module \alu..
Removed 37 unused cells and 678 unused wires.
<suppressed ~38 debug messages>

7.21.5. Finished fast OPT passes.

7.22. Executing ABC pass (technology mapping using ABC).

7.22.1. Extracting gate netlist of module `\alu' to `<abc-temp-dir>/input.blif'..

7.22.1.1. Executed ABC.
Extracted 3825 gates and 3959 wires to a netlist network with 133 inputs and 64 outputs.
Running ABC script: <abc-temp-dir>/abc.script
ABC: UC Berkeley, ABC 1.01 (compiled Sep 12 2026 05:01:00)
ABC: abc 01> empty
ABC: abc 01> source <abc-temp-dir>/abc.script
ABC: + read_blif <abc-temp-dir>/input.blif 
ABC: + read_library <abc-temp-dir>/stdcells.genlib 
ABC: + strash 
ABC: + &get -n 
ABC: + &fraig -x 
ABC: + &put 
ABC: + scorr 
ABC: Warning: The network is combinational (run "fraig" or "fraig_sweep").
ABC: + dc2 
ABC: + dretime 
ABC: + strash 
ABC: + &get -n 
ABC: + &dch -f 
ABC: + &nf 
ABC: + &put 
ABC: + write_blif <abc-temp-dir>/output.blif 
ABC: 
ABC: YOSYS_ABC_DONE 

7.22.1.2. Re-integrating ABC results.
ABC RESULTS:               AND cells:      771
ABC RESULTS:            ANDNOT cells:       94
ABC RESULTS:               MUX cells:      565
ABC RESULTS:              NAND cells:     1050
ABC RESULTS:               NOR cells:       26
ABC RESULTS:               NOT cells:       37
ABC RESULTS:                OR cells:      317
ABC RESULTS:             ORNOT cells:      251
ABC RESULTS:              XNOR cells:       48
ABC RESULTS:               XOR cells:       68
ABC RESULTS:        internal signals:     3762
ABC RESULTS:           input signals:      133
ABC RESULTS:          output signals:       64
Removing temp directory.
Removing global temp directory.

7.23. Executing OPT pass (performing simple optimizations).

7.23.1. Executing OPT_EXPR pass (perform const folding).
Optimizing module alu.
<suppressed ~77 debug messages>

7.23.2. Executing OPT_MERGE pass (detect identical cells).
Finding identical cells in module `\alu'.
Computing hashes of 3227 cells of `\alu'.
Finding duplicate cells in `\alu'.
Removed a total of 0 cells.

7.23.3. Executing OPT_DFF pass (perform DFF optimizations).

7.23.4. Executing OPT_CLEAN pass (remove unused cells and wires).
Finding unused cells or wires in module \alu..
Removed 0 unused cells and 1590 unused wires.
<suppressed ~1 debug messages>

7.23.5. Finished fast OPT passes.

7.24. Executing HIERARCHY pass (managing design hierarchy).
Attribute `top' found on module `alu'. Setting top module to alu.

7.24.1. Analyzing design hierarchy..
Top module:  \alu

7.24.2. Analyzing design hierarchy..
Top module:  \alu
Removed 0 unused modules.

7.25. Printing statistics.

=== alu ===

        +----------Local Count, excluding submodules.
        | 
     3168 wires
     3360 wire bits
        5 public wires
      197 public wire bits
        5 ports
      197 port bits
     3227 cells
       94   $_ANDNOT_
      771   $_AND_
      565   $_MUX_
     1050   $_NAND_
       26   $_NOR_
       37   $_NOT_
      251   $_ORNOT_
      317   $_OR_
       48   $_XNOR_
       68   $_XOR_

7.26. Executing CHECK pass (checking for obvious problems).
Checking module alu...
Found and reported 0 problems.

8. Executing DFFLIBMAP pass (mapping DFF/DLATCH cells to sequential cells from liberty file).
  cell sg13g2_dfrbpq_1 (noninv, pins=4, area=48.99) is a direct match for cell type $_DFF_PN0_.
  cell sg13g2_dlhq_1 (noninv, pins=3, area=30.84) is a direct match for cell type $_DLATCH_P_.
  cell sg13g2_dllrq_1 (noninv, pins=4, area=29.03) is a direct match for cell type $_DLATCH_NN0_.
  cell sg13g2_dlhrq_1 (noninv, pins=4, area=27.22) is a direct match for cell type $_DLATCH_PN0_.
  final dff/dlatch cell mappings:
    unmapped dff/dlatch cell: $_DFF_N_
    unmapped dff/dlatch cell: $_DFF_P_
    unmapped dff/dlatch cell: $_DFF_NN0_
    unmapped dff/dlatch cell: $_DFF_NN1_
    unmapped dff/dlatch cell: $_DFF_NP0_
    unmapped dff/dlatch cell: $_DFF_NP1_
    \sg13g2_dfrbpq_1 _DFF_PN0_ (.CLK( C), .D( D), .Q( Q), .RESET_B( R));
    unmapped dff/dlatch cell: $_DFF_PN1_
    unmapped dff/dlatch cell: $_DFF_PP0_
    unmapped dff/dlatch cell: $_DFF_PP1_
    unmapped dff/dlatch cell: $_DFFE_NN_
    unmapped dff/dlatch cell: $_DFFE_NP_
    unmapped dff/dlatch cell: $_DFFE_PN_
    unmapped dff/dlatch cell: $_DFFE_PP_
    unmapped dff/dlatch cell: $_DFFSR_NNN_
    unmapped dff/dlatch cell: $_DFFSR_NNP_
    unmapped dff/dlatch cell: $_DFFSR_NPN_
    unmapped dff/dlatch cell: $_DFFSR_NPP_
    unmapped dff/dlatch cell: $_DFFSR_PNN_
    unmapped dff/dlatch cell: $_DFFSR_PNP_
    unmapped dff/dlatch cell: $_DFFSR_PPN_
    unmapped dff/dlatch cell: $_DFFSR_PPP_
    unmapped dff/dlatch cell: $_DLATCH_N_
    \sg13g2_dlhq_1 _DLATCH_P_ (.D( D), .GATE( E), .Q( Q));
    \sg13g2_dllrq_1 _DLATCH_NN0_ (.D( D), .GATE_N( E), .Q( Q), .RESET_B( R));
    unmapped dff/dlatch cell: $_DLATCH_NN1_
    unmapped dff/dlatch cell: $_DLATCH_NP0_
    unmapped dff/dlatch cell: $_DLATCH_NP1_
    \sg13g2_dlhrq_1 _DLATCH_PN0_ (.D( D), .GATE( E), .Q( Q), .RESET_B( R));
    unmapped dff/dlatch cell: $_DLATCH_PN1_
    unmapped dff/dlatch cell: $_DLATCH_PP0_
    unmapped dff/dlatch cell: $_DLATCH_PP1_
    unmapped dff/dlatch cell: $_DLATCHSR_NNN_
    unmapped dff/dlatch cell: $_DLATCHSR_NNP_
    unmapped dff/dlatch cell: $_DLATCHSR_NPN_
    unmapped dff/dlatch cell: $_DLATCHSR_NPP_
    unmapped dff/dlatch cell: $_DLATCHSR_PNN_
    unmapped dff/dlatch cell: $_DLATCHSR_PNP_
    unmapped dff/dlatch cell: $_DLATCHSR_PPN_
    unmapped dff/dlatch cell: $_DLATCHSR_PPP_

8.1. Executing DFFLEGALIZE pass (convert FFs and LATCHes to types supported by the target).
<suppressed ~4 debug messages>
Mapping DFF/DLATCH cells in module `\alu':

9. Executing ABC pass (technology mapping using ABC).

9.1. Extracting gate netlist of module `\alu' to `<abc-temp-dir>/input.blif'..
ABC: using cached merged SCL: /tmp/yosys-liberty-scl-cache-1000/yosys_merged_0a0e92c0.scl (1 files)

9.1.1. Executed ABC.
Extracted 3227 gates and 3360 wires to a netlist network with 133 inputs and 64 outputs.
Running ABC script: <abc-temp-dir>/abc.script
ABC: UC Berkeley, ABC 1.01 (compiled Sep 12 2026 05:01:00)
ABC: abc 01> empty
ABC: abc 01> source <abc-temp-dir>/abc.script
ABC: + read_blif <abc-temp-dir>/input.blif 
ABC: + read_scl /tmp/yosys-liberty-scl-cache-1000/yosys_merged_0a0e92c0.scl 
ABC: + strash 
ABC: + &get -n 
ABC: + &fraig -x 
ABC: + &put 
ABC: + scorr 
ABC: Warning: The network is combinational (run "fraig" or "fraig_sweep").
ABC: + dc2 
ABC: + dretime 
ABC: + strash 
ABC: + &get -n 
ABC: + &dch -f 
ABC: + &nf 
ABC: + &put 
ABC: + write_blif <abc-temp-dir>/output.blif 
ABC: 
ABC: YOSYS_ABC_DONE 

9.1.2. Re-integrating ABC results.
ABC RESULTS:     sg13g2_a21o_1 cells:       52
ABC RESULTS:    sg13g2_a21oi_1 cells:      337
ABC RESULTS:   sg13g2_a221oi_1 cells:      110
ABC RESULTS:    sg13g2_a22oi_1 cells:      107
ABC RESULTS:     sg13g2_and2_1 cells:      104
ABC RESULTS:     sg13g2_and3_1 cells:        9
ABC RESULTS:     sg13g2_and4_1 cells:        1
ABC RESULTS:      sg13g2_inv_1 cells:       71
ABC RESULTS:     sg13g2_mux2_1 cells:       87
ABC RESULTS:     sg13g2_mux4_1 cells:       27
ABC RESULTS:    sg13g2_nand2_1 cells:      371
ABC RESULTS:   sg13g2_nand2b_1 cells:       73
ABC RESULTS:    sg13g2_nand3_1 cells:       92
ABC RESULTS:   sg13g2_nand3b_1 cells:        7
ABC RESULTS:    sg13g2_nand4_1 cells:       11
ABC RESULTS:     sg13g2_nor2_1 cells:      309
ABC RESULTS:    sg13g2_nor2b_1 cells:       59
ABC RESULTS:     sg13g2_nor3_1 cells:       60
ABC RESULTS:     sg13g2_nor4_1 cells:       14
ABC RESULTS:    sg13g2_o21ai_1 cells:      462
ABC RESULTS:      sg13g2_or2_1 cells:       64
ABC RESULTS:      sg13g2_or3_1 cells:        7
ABC RESULTS:      sg13g2_or4_1 cells:        4
ABC RESULTS:    sg13g2_xnor2_1 cells:       53
ABC RESULTS:     sg13g2_xor2_1 cells:       23
ABC RESULTS:        internal signals:     3163
ABC RESULTS:           input signals:      133
ABC RESULTS:          output signals:       64
Removing temp directory.
Removing global temp directory.

10. Executing OPT_CLEAN pass (remove unused cells and wires).
Finding unused cells or wires in module \alu..
Removed 0 unused cells and 3360 unused wires.
<suppressed ~1 debug messages>

11. Printing statistics.

=== alu ===

        +----------Local Count, excluding submodules.
        |        +-Local Area, excluding submodules.
        |        | 
     2455        - wires
     2647        - wire bits
        5        - public wires
      197        - public wire bits
        5        - ports
      197        - port bits
     2514 2.44E+04 cells
       52  660.442   sg13g2_a21o_1
      337 3.06E+03   sg13g2_a21oi_1
      110  1.6E+03   sg13g2_a221oi_1
      107   1160.8   sg13g2_a22oi_1
      104  943.488   sg13g2_and2_1
        9  114.307   sg13g2_and3_1
        1   14.515   sg13g2_and4_1
       71  386.467   sg13g2_inv_1
       87 1.58E+03   sg13g2_mux2_1
       27 1.03E+03   sg13g2_mux4_1
      371  2692.57   sg13g2_nand2_1
       73  662.256   sg13g2_nand2b_1
       92  834.624   sg13g2_nand3_1
        7   88.906   sg13g2_nand3b_1
       11   119.75   sg13g2_nand4_1
      309 2.24E+03   sg13g2_nor2_1
       59  535.248   sg13g2_nor2b_1
       60   544.32   sg13g2_nor3_1
       14   152.41   sg13g2_nor4_1
      462 4.19E+03   sg13g2_o21ai_1
       64  580.608   sg13g2_or2_1
        7   88.906   sg13g2_or3_1
        4   58.061   sg13g2_or4_1
       53  769.306   sg13g2_xnor2_1
       23   333.85   sg13g2_xor2_1

   Chip area for module '\alu': 24435.923400
     of which used for sequential elements: 0.000000 (0.00%)

12. Executing Verilog backend.

12.1. Executing BMUXMAP pass.

12.2. Executing DEMUXMAP pass.
Dumping module `\alu'.

13. Executing JSON backend.

End of script. Logfile hash: aaadb0255b, time: 0.86s, user: 0.23s, system: 0.05s, MEM: 38.10 MB peak
Yosys 0.69+24 (git sha1 d0e71cfb7-dirty, Release, Clang /usr/bin/clang++ 21.1.8)
Time spent: 68% 2x abc (0 sec), 7% 1x techmap (0 sec), ...
