
 /----------------------------------------------------------------------------\
 |  yosys -- Yosys Open SYnthesis Suite                                       |
 |  Copyright (C) 2012 - 2026  Claire Xenia Wolf <claire@yosyshq.com>         |
 |  Distributed under an ISC-like license, type "license" to see terms        |
 \----------------------------------------------------------------------------/
 Yosys 0.69+24 (git sha1 d0e71cfb7-dirty, Release, Clang /usr/bin/clang++ 21.1.8)

-- Executing script file `out/muldiv_synth.ys' --

1. Executing Verilog-2005 frontend: ../rtl/muldiv.sv
Parsing SystemVerilog input from `../rtl/muldiv.sv' to AST representation.
Generating RTLIL representation for module `\muldiv'.
Successfully finished Verilog frontend.

2. Executing HIERARCHY pass (managing design hierarchy).

2.1. Analyzing design hierarchy..
Top module:  \muldiv

2.2. Analyzing design hierarchy..
Top module:  \muldiv
Removed 0 unused modules.

3. Executing SYNTH pass.

3.1. Executing HIERARCHY pass (managing design hierarchy).

3.1.1. Analyzing design hierarchy..
Top module:  \muldiv

3.1.2. Analyzing design hierarchy..
Top module:  \muldiv
Removed 0 unused modules.

3.2. Executing PROC pass (convert processes to netlists).

3.2.1. Executing PROC_CLEAN pass (remove empty switches from decision trees).
Cleaned up 0 empty switches.

3.2.2. Executing PROC_RMDEAD pass (remove dead branches from decision trees).
Marked 7 switch rules as full_case in process $proc$../rtl/muldiv.sv:83$11 in module muldiv.
Marked 1 switch rules as full_case in process $proc$../rtl/muldiv.sv:38$7 in module muldiv.
Removed a total of 0 dead cases.

3.2.3. Executing PROC_PRUNE pass (remove redundant assignments in processes).
Removed 1 redundant assignment.
Promoted 11 assignments to connections.

3.2.4. Executing PROC_INIT pass (extract init attributes).

3.2.5. Executing PROC_ARST pass (detect async resets in processes).

3.2.6. Executing PROC_ROM pass (convert switches to ROMs).
Converted 0 switches.
<suppressed ~12 debug messages>

3.2.7. Executing PROC_MUX pass (convert decision trees to multiplexers).
Creating decoders for process `\muldiv.$proc$../rtl/muldiv.sv:83$11'.
     1/52: $4$unnamed_block$2.rem_f[63:0]$85
     2/52: $4$unnamed_block$2.quo_f[63:0]$84
     3/52: $3$unnamed_block$2.rem_f[63:0]$82
     4/52: $3$unnamed_block$2.quo_f[63:0]$81
     5/52: $5\neg_rem[0:0]
     6/52: $5\neg_quo[0:0]
     7/52: $5$unnamed_block$1.bmag[63:0]$50
     8/52: $5$unnamed_block$1.amag[63:0]$49
     9/52: $4$unnamed_block$1.bmag[63:0]$36
    10/52: $4$unnamed_block$1.amag[63:0]$35
    11/52: $4$unnamed_block$1.is_signed_op[0:0]$34
    12/52: $4\sign_ovf[0:0]
    13/52: $4\div_by_zero[0:0]
    14/52: $4\neg_rem[0:0]
    15/52: $4\neg_quo[0:0]
    16/52: $3$unnamed_block$1.bmag[63:0]$32
    17/52: $3$unnamed_block$1.amag[63:0]$31
    18/52: $3$unnamed_block$1.is_signed_op[0:0]$30
    19/52: $3\sign_ovf[0:0]
    20/52: $3\div_by_zero[0:0]
    21/52: $3\neg_rem[0:0]
    22/52: $3\neg_quo[0:0]
    23/52: $2$unnamed_block$1.bmag[63:0]$26
    24/52: $2$unnamed_block$1.amag[63:0]$25
    25/52: $2$unnamed_block$1.is_signed_op[0:0]$24
    26/52: $2\sign_ovf[0:0]
    27/52: $2\div_by_zero[0:0]
    28/52: $2\neg_rem[0:0]
    29/52: $2\neg_quo[0:0]
    30/52: $2$unnamed_block$2.result[63:0]$29
    31/52: $2$unnamed_block$2.rem_f[63:0]$28
    32/52: $2$unnamed_block$2.quo_f[63:0]$27
    33/52: $0\done[0:0]
    34/52: $1$unnamed_block$2.result[63:0]$23
    35/52: $1$unnamed_block$2.rem_f[63:0]$22
    36/52: $1$unnamed_block$2.quo_f[63:0]$21
    37/52: $1$unnamed_block$1.bmag[63:0]$20
    38/52: $1$unnamed_block$1.amag[63:0]$19
    39/52: $1$unnamed_block$1.is_signed_op[0:0]$18
    40/52: $1\sign_ovf[0:0]
    41/52: $1\div_by_zero[0:0]
    42/52: $1\neg_rem[0:0]
    43/52: $1\neg_quo[0:0]
    44/52: $0\state[1:0]
    45/52: $0\a_lat[63:0]
    46/52: $0\op_is_word_r[0:0]
    47/52: $0\op_is_rem[0:0]
    48/52: $0\divisor_r[63:0]
    49/52: $0\quo_r[63:0]
    50/52: $0\rem_r[63:0]
    51/52: $0\iter[6:0]
    52/52: $0\y[63:0]
Creating decoders for process `\muldiv.$proc$../rtl/muldiv.sv:38$7'.
     1/3: $3\mul_result[63:0]
     2/3: $2\mul_result[63:0]
     3/3: $1\mul_result[63:0]

3.2.8. Executing PROC_DLATCH pass (convert process syncs to latches).
No latch inferred for signal `\muldiv.\mul_result' from process `\muldiv.$proc$../rtl/muldiv.sv:38$7'.

3.2.9. Executing PROC_DFF pass (convert process syncs to FFs).
Creating register for signal `\muldiv.\y' using process `\muldiv.$proc$../rtl/muldiv.sv:83$11'.
  created $dff cell `$procdff$630' with positive edge clock.
Creating register for signal `\muldiv.\done' using process `\muldiv.$proc$../rtl/muldiv.sv:83$11'.
  created $dff cell `$procdff$631' with positive edge clock.
Creating register for signal `\muldiv.\iter' using process `\muldiv.$proc$../rtl/muldiv.sv:83$11'.
  created $dff cell `$procdff$632' with positive edge clock.
Creating register for signal `\muldiv.\rem_r' using process `\muldiv.$proc$../rtl/muldiv.sv:83$11'.
  created $dff cell `$procdff$633' with positive edge clock.
Creating register for signal `\muldiv.\quo_r' using process `\muldiv.$proc$../rtl/muldiv.sv:83$11'.
  created $dff cell `$procdff$634' with positive edge clock.
Creating register for signal `\muldiv.\divisor_r' using process `\muldiv.$proc$../rtl/muldiv.sv:83$11'.
  created $dff cell `$procdff$635' with positive edge clock.
Creating register for signal `\muldiv.\neg_quo' using process `\muldiv.$proc$../rtl/muldiv.sv:83$11'.
  created $dff cell `$procdff$636' with positive edge clock.
Creating register for signal `\muldiv.\neg_rem' using process `\muldiv.$proc$../rtl/muldiv.sv:83$11'.
  created $dff cell `$procdff$637' with positive edge clock.
Creating register for signal `\muldiv.\op_is_rem' using process `\muldiv.$proc$../rtl/muldiv.sv:83$11'.
  created $dff cell `$procdff$638' with positive edge clock.
Creating register for signal `\muldiv.\op_is_word_r' using process `\muldiv.$proc$../rtl/muldiv.sv:83$11'.
  created $dff cell `$procdff$639' with positive edge clock.
Creating register for signal `\muldiv.\div_by_zero' using process `\muldiv.$proc$../rtl/muldiv.sv:83$11'.
  created $dff cell `$procdff$640' with positive edge clock.
Creating register for signal `\muldiv.\sign_ovf' using process `\muldiv.$proc$../rtl/muldiv.sv:83$11'.
  created $dff cell `$procdff$641' with positive edge clock.
Creating register for signal `\muldiv.\a_lat' using process `\muldiv.$proc$../rtl/muldiv.sv:83$11'.
  created $dff cell `$procdff$642' with positive edge clock.
Creating register for signal `\muldiv.\state' using process `\muldiv.$proc$../rtl/muldiv.sv:83$11'.
  created $dff cell `$procdff$643' with positive edge clock.
Creating register for signal `\muldiv.$unnamed_block$1.is_signed_op' using process `\muldiv.$proc$../rtl/muldiv.sv:83$11'.
  created $dff cell `$procdff$644' with positive edge clock.
Creating register for signal `\muldiv.$unnamed_block$1.amag' using process `\muldiv.$proc$../rtl/muldiv.sv:83$11'.
  created $dff cell `$procdff$645' with positive edge clock.
Creating register for signal `\muldiv.$unnamed_block$1.bmag' using process `\muldiv.$proc$../rtl/muldiv.sv:83$11'.
  created $dff cell `$procdff$646' with positive edge clock.
Creating register for signal `\muldiv.$unnamed_block$2.quo_f' using process `\muldiv.$proc$../rtl/muldiv.sv:83$11'.
  created $dff cell `$procdff$647' with positive edge clock.
Creating register for signal `\muldiv.$unnamed_block$2.rem_f' using process `\muldiv.$proc$../rtl/muldiv.sv:83$11'.
  created $dff cell `$procdff$648' with positive edge clock.
Creating register for signal `\muldiv.$unnamed_block$2.result' using process `\muldiv.$proc$../rtl/muldiv.sv:83$11'.
  created $dff cell `$procdff$649' with positive edge clock.

3.2.10. Executing PROC_MEMWR pass (convert process memory writes to cells).

3.2.11. Executing PROC_CLEAN pass (remove empty switches from decision trees).
Found and cleaned up 9 empty switches in `\muldiv.$proc$../rtl/muldiv.sv:83$11'.
Removing empty process `muldiv.$proc$../rtl/muldiv.sv:83$11'.
Found and cleaned up 3 empty switches in `\muldiv.$proc$../rtl/muldiv.sv:38$7'.
Removing empty process `muldiv.$proc$../rtl/muldiv.sv:38$7'.
Cleaned up 12 empty switches.

3.2.12. Executing OPT_EXPR pass (perform const folding).
Optimizing module muldiv.
<suppressed ~57 debug messages>

3.3. Executing OPT_EXPR pass (perform const folding).
Optimizing module muldiv.

3.4. Executing CHECK pass (checking for obvious problems).
Checking module muldiv...
Found and reported 0 problems.

3.5. Executing OPT_CLEAN pass (remove unused cells and wires).
Finding unused cells or wires in module \muldiv..
Removed 58 unused cells and 244 unused wires.
<suppressed ~59 debug messages>

3.6. Executing OPT pass (performing simple optimizations).

3.6.1. Executing OPT_EXPR pass (perform const folding).
Optimizing module muldiv.

3.6.2. Executing OPT_MERGE pass (detect identical cells).
Finding identical cells in module `\muldiv'.
Computing hashes of 228 cells of `\muldiv'.
Finding duplicate cells in `\muldiv'.
Computing hashes of 189 cells of `\muldiv'.
Finding duplicate cells in `\muldiv'.
<suppressed ~117 debug messages>
Removed a total of 39 cells.

3.6.3. Executing OPT_MUXTREE pass (detect dead branches in mux trees).
Running muxtree optimizer on module \muldiv..
  Creating internal representation of mux trees.
  Evaluating internal representation of mux trees.
  Analyzing evaluation results.
    dead port 1/2 on $mux $procmux$431.
    dead port 1/2 on $mux $procmux$423.
    dead port 1/2 on $mux $procmux$415.
    dead port 1/2 on $mux $procmux$407.
    dead port 1/2 on $mux $procmux$375.
    dead port 2/2 on $mux $procmux$372.
    dead port 1/2 on $mux $procmux$364.
    dead port 2/2 on $mux $procmux$361.
    dead port 1/2 on $mux $procmux$353.
    dead port 2/2 on $mux $procmux$350.
    dead port 1/2 on $mux $procmux$342.
    dead port 2/2 on $mux $procmux$339.
    dead port 1/2 on $mux $procmux$619.
    dead port 2/2 on $mux $procmux$625.
    dead port 1/2 on $mux $procmux$298.
    dead port 2/2 on $mux $procmux$295.
    dead port 2/2 on $mux $procmux$293.
    dead port 1/2 on $mux $procmux$284.
    dead port 2/2 on $mux $procmux$281.
    dead port 2/2 on $mux $procmux$279.
    dead port 1/2 on $mux $procmux$270.
    dead port 2/2 on $mux $procmux$267.
    dead port 2/2 on $mux $procmux$265.
    dead port 1/2 on $mux $procmux$256.
    dead port 2/2 on $mux $procmux$253.
    dead port 2/2 on $mux $procmux$251.
    dead port 1/2 on $mux $procmux$200.
    dead port 2/2 on $mux $procmux$197.
    dead port 2/2 on $mux $procmux$195.
    dead port 2/2 on $mux $procmux$193.
    dead port 1/2 on $mux $procmux$183.
    dead port 2/2 on $mux $procmux$180.
    dead port 2/2 on $mux $procmux$178.
    dead port 2/2 on $mux $procmux$176.
    dead port 1/2 on $mux $procmux$166.
    dead port 2/2 on $mux $procmux$163.
    dead port 2/2 on $mux $procmux$161.
    dead port 2/2 on $mux $procmux$159.
    dead port 1/2 on $mux $procmux$149.
    dead port 2/2 on $mux $procmux$146.
    dead port 2/2 on $mux $procmux$144.
    dead port 2/2 on $mux $procmux$142.
    dead port 1/2 on $mux $procmux$132.
    dead port 2/2 on $mux $procmux$129.
    dead port 1/2 on $mux $procmux$123.
    dead port 2/2 on $mux $procmux$120.
    dead port 1/2 on $mux $procmux$114.
    dead port 2/2 on $mux $procmux$111.
    dead port 1/2 on $mux $procmux$109.
    dead port 1/2 on $mux $procmux$102.
    dead port 2/2 on $mux $procmux$99.
    dead port 1/2 on $mux $procmux$97.
Removed 52 multiplexer ports.
<suppressed ~182 debug messages>

3.6.4. Executing OPT_REDUCE pass (consolidate $*mux and $reduce_* inputs).
  Optimizing cells in module \muldiv.
Performed a total of 0 changes.

3.6.5. Executing OPT_MERGE pass (detect identical cells).
Finding identical cells in module `\muldiv'.
Computing hashes of 137 cells of `\muldiv'.
Finding duplicate cells in `\muldiv'.
Removed a total of 0 cells.

3.6.6. Executing OPT_DFF pass (perform DFF optimizations).

3.6.7. Executing OPT_CLEAN pass (remove unused cells and wires).
Finding unused cells or wires in module \muldiv..
Removed 0 unused cells and 91 unused wires.
<suppressed ~1 debug messages>

3.6.8. Executing OPT_EXPR pass (perform const folding).
Optimizing module muldiv.

3.6.9. Rerunning OPT passes. (Maybe there is more to do..)

3.6.10. Executing OPT_MUXTREE pass (detect dead branches in mux trees).
Running muxtree optimizer on module \muldiv..
  Creating internal representation of mux trees.
  Evaluating internal representation of mux trees.
  Analyzing evaluation results.
Removed 0 multiplexer ports.
<suppressed ~110 debug messages>

3.6.11. Executing OPT_REDUCE pass (consolidate $*mux and $reduce_* inputs).
  Optimizing cells in module \muldiv.
Performed a total of 0 changes.

3.6.12. Executing OPT_MERGE pass (detect identical cells).
Finding identical cells in module `\muldiv'.
Computing hashes of 137 cells of `\muldiv'.
Finding duplicate cells in `\muldiv'.
Removed a total of 0 cells.

3.6.13. Executing OPT_DFF pass (perform DFF optimizations).

3.6.14. Executing OPT_CLEAN pass (remove unused cells and wires).
Finding unused cells or wires in module \muldiv..

3.6.15. Executing OPT_EXPR pass (perform const folding).
Optimizing module muldiv.

3.6.16. Finished fast OPT passes. (There is nothing left to do.)

3.7. Executing FSM pass (extract and optimize FSM).

3.7.1. Executing FSM_DETECT pass (finding FSMs in design).
Not marking muldiv.state as FSM state register:
    Users of register don't seem to benefit from recoding.

3.7.2. Executing FSM_EXTRACT pass (extracting FSM from design).

3.7.3. Executing FSM_OPT pass (simple optimizations of FSMs).

3.7.4. Executing OPT_CLEAN pass (remove unused cells and wires).
Finding unused cells or wires in module \muldiv..

3.7.5. Executing FSM_OPT pass (simple optimizations of FSMs).

3.7.6. Executing FSM_RECODE pass (re-assigning FSM state encoding).

3.7.7. Executing FSM_INFO pass (dumping all available information on FSM cells).

3.7.8. Executing FSM_MAP pass (mapping FSMs to basic logic).

3.8. Executing OPT pass (performing simple optimizations).

3.8.1. Executing OPT_EXPR pass (perform const folding).
Optimizing module muldiv.

3.8.2. Executing OPT_MERGE pass (detect identical cells).
Finding identical cells in module `\muldiv'.
Computing hashes of 137 cells of `\muldiv'.
Finding duplicate cells in `\muldiv'.
Removed a total of 0 cells.

3.8.3. Executing OPT_MUXTREE pass (detect dead branches in mux trees).
Running muxtree optimizer on module \muldiv..
  Creating internal representation of mux trees.
  Evaluating internal representation of mux trees.
  Analyzing evaluation results.
Removed 0 multiplexer ports.
<suppressed ~110 debug messages>

3.8.4. Executing OPT_REDUCE pass (consolidate $*mux and $reduce_* inputs).
  Optimizing cells in module \muldiv.
Performed a total of 0 changes.

3.8.5. Executing OPT_MERGE pass (detect identical cells).
Finding identical cells in module `\muldiv'.
Computing hashes of 137 cells of `\muldiv'.
Finding duplicate cells in `\muldiv'.
Removed a total of 0 cells.

3.8.6. Executing OPT_DFF pass (perform DFF optimizations).
Adding SRST signal on $procdff$630 ($dff) from module muldiv (D = $procmux$600_Y, Q = \y, rval = 64'0000000000000000000000000000000000000000000000000000000000000000).
Adding EN signal on $auto$ff.cc:337:slice$650 ($sdff) from module muldiv (D = $procmux$600_Y, Q = \y).
Adding SRST signal on $procdff$643 ($dff) from module muldiv (D = $procmux$498_Y, Q = \state, rval = 2'00).
Adding EN signal on $auto$ff.cc:337:slice$660 ($sdff) from module muldiv (D = $procmux$498_Y, Q = \state).
Adding EN signal on $procdff$642 ($dff) from module muldiv (D = \a, Q = \a_lat).
Adding EN signal on $procdff$641 ($dff) from module muldiv (D = $logic_and$../rtl/muldiv.sv:105$48_Y, Q = \sign_ovf).
Adding EN signal on $procdff$640 ($dff) from module muldiv (D = $ternary$../rtl/muldiv.sv:104$40_Y, Q = \div_by_zero).
Adding EN signal on $procdff$639 ($dff) from module muldiv (D = \is_word, Q = \op_is_word_r).
Adding EN signal on $procdff$638 ($dff) from module muldiv (D = \op [1], Q = \op_is_rem).
Adding EN signal on $procdff$637 ($dff) from module muldiv (D = $5\neg_rem[0:0], Q = \neg_rem).
Adding EN signal on $procdff$636 ($dff) from module muldiv (D = $5\neg_quo[0:0], Q = \neg_quo).
Adding EN signal on $procdff$635 ($dff) from module muldiv (D = $5$unnamed_block$1.bmag[63:0]$50, Q = \divisor_r).
Adding EN signal on $procdff$634 ($dff) from module muldiv (D = $procmux$562_Y, Q = \quo_r).
Adding EN signal on $procdff$633 ($dff) from module muldiv (D = $procmux$576_Y, Q = \rem_r).
Adding EN signal on $procdff$632 ($dff) from module muldiv (D = $procmux$590_Y, Q = \iter).
Adding SRST signal on $procdff$631 ($dff) from module muldiv (D = $procmux$452_Y, Q = \done, rval = 1'0).

3.8.7. Executing OPT_CLEAN pass (remove unused cells and wires).
Finding unused cells or wires in module \muldiv..
Removed 35 unused cells and 35 unused wires.
<suppressed ~36 debug messages>

3.8.8. Executing OPT_EXPR pass (perform const folding).
Optimizing module muldiv.
<suppressed ~4 debug messages>

3.8.9. Rerunning OPT passes. (Maybe there is more to do..)

3.8.10. Executing OPT_MUXTREE pass (detect dead branches in mux trees).
Running muxtree optimizer on module \muldiv..
  Creating internal representation of mux trees.
  Evaluating internal representation of mux trees.
  Analyzing evaluation results.
Removed 0 multiplexer ports.
<suppressed ~70 debug messages>

3.8.11. Executing OPT_REDUCE pass (consolidate $*mux and $reduce_* inputs).
  Optimizing cells in module \muldiv.
Performed a total of 0 changes.

3.8.12. Executing OPT_MERGE pass (detect identical cells).
Finding identical cells in module `\muldiv'.
Computing hashes of 140 cells of `\muldiv'.
Finding duplicate cells in `\muldiv'.
Computing hashes of 122 cells of `\muldiv'.
Finding duplicate cells in `\muldiv'.
Computing hashes of 115 cells of `\muldiv'.
Finding duplicate cells in `\muldiv'.
<suppressed ~75 debug messages>
Removed a total of 25 cells.

3.8.13. Executing OPT_DFF pass (perform DFF optimizations).

3.8.14. Executing OPT_CLEAN pass (remove unused cells and wires).
Finding unused cells or wires in module \muldiv..
Removed 0 unused cells and 25 unused wires.
<suppressed ~1 debug messages>

3.8.15. Executing OPT_EXPR pass (perform const folding).
Optimizing module muldiv.

3.8.16. Rerunning OPT passes. (Maybe there is more to do..)

3.8.17. Executing OPT_MUXTREE pass (detect dead branches in mux trees).
Running muxtree optimizer on module \muldiv..
  Creating internal representation of mux trees.
  Evaluating internal representation of mux trees.
  Analyzing evaluation results.
Removed 0 multiplexer ports.
<suppressed ~70 debug messages>

3.8.18. Executing OPT_REDUCE pass (consolidate $*mux and $reduce_* inputs).
  Optimizing cells in module \muldiv.
Performed a total of 0 changes.

3.8.19. Executing OPT_MERGE pass (detect identical cells).
Finding identical cells in module `\muldiv'.
Computing hashes of 115 cells of `\muldiv'.
Finding duplicate cells in `\muldiv'.
Removed a total of 0 cells.

3.8.20. Executing OPT_DFF pass (perform DFF optimizations).

3.8.21. Executing OPT_CLEAN pass (remove unused cells and wires).
Finding unused cells or wires in module \muldiv..

3.8.22. Executing OPT_EXPR pass (perform const folding).
Optimizing module muldiv.

3.8.23. Finished fast OPT passes. (There is nothing left to do.)

3.9. Executing WREDUCE pass (reducing word size of cells).
Converting cell muldiv.$mul$../rtl/muldiv.sv:30$3 ($mul) from unsigned to signed.
Removed top 64 bits (of 128) from port A of cell muldiv.$mul$../rtl/muldiv.sv:30$3 ($mul).
Removed top 64 bits (of 128) from port B of cell muldiv.$mul$../rtl/muldiv.sv:30$3 ($mul).
Converting cell muldiv.$mul$../rtl/muldiv.sv:31$4 ($mul) from unsigned to signed.
Removed top 64 bits (of 128) from port A of cell muldiv.$mul$../rtl/muldiv.sv:31$4 ($mul).
Removed top 63 bits (of 128) from port B of cell muldiv.$mul$../rtl/muldiv.sv:31$4 ($mul).
Removed top 64 bits (of 128) from port A of cell muldiv.$mul$../rtl/muldiv.sv:32$5 ($mul).
Removed top 64 bits (of 128) from port B of cell muldiv.$mul$../rtl/muldiv.sv:32$5 ($mul).
Removed top 31 bits (of 32) from port A of cell muldiv.$sub$../rtl/muldiv.sv:109$52 ($sub).
Removed top 32 bits (of 64) from mux cell muldiv.$ternary$../rtl/muldiv.sv:109$53 ($mux).
Removed top 31 bits (of 32) from port A of cell muldiv.$sub$../rtl/muldiv.sv:110$55 ($sub).
Removed top 32 bits (of 64) from mux cell muldiv.$ternary$../rtl/muldiv.sv:110$56 ($mux).
Removed top 6 bits (of 7) from port B of cell muldiv.$sub$../rtl/muldiv.sv:132$79 ($sub).
Removed top 6 bits (of 7) from port B of cell muldiv.$eq$../rtl/muldiv.sv:133$80 ($eq).
Removed top 1 bits (of 2) from port B of cell muldiv.$procmux$499_CMP0 ($eq).
Removed top 1 bits (of 3) from port B of cell muldiv.$procmux$614_CMP0 ($eq).
Removed top 1 bits (of 3) from port B of cell muldiv.$procmux$615_CMP0 ($eq).
Removed top 2 bits (of 3) from port B of cell muldiv.$procmux$616_CMP0 ($eq).
Removed top 32 bits (of 64) from wire muldiv.$ternary$../rtl/muldiv.sv:109$53_Y.
Removed top 32 bits (of 64) from wire muldiv.$ternary$../rtl/muldiv.sv:110$56_Y.

3.10. Executing PEEPOPT pass (run peephole optimizers).

3.11. Executing OPT_CLEAN pass (remove unused cells and wires).
Finding unused cells or wires in module \muldiv..
Removed 0 unused cells and 2 unused wires.
<suppressed ~1 debug messages>

3.12. Executing ALUMACC pass (create $alu and $macc cells).
Extracting $alu and $macc cells in module muldiv:
  creating $macc model for $neg$../rtl/muldiv.sv:145$88 ($neg).
  creating $macc model for $neg$../rtl/muldiv.sv:144$86 ($neg).
  creating $macc model for $sub$../rtl/muldiv.sv:132$79 ($sub).
  creating $macc model for $neg$../rtl/muldiv.sv:115$68 ($neg).
  creating $macc model for $neg$../rtl/muldiv.sv:114$65 ($neg).
  creating $macc model for $sub$../rtl/muldiv.sv:110$55 ($sub).
  creating $macc model for $sub$../rtl/muldiv.sv:109$52 ($sub).
  creating $macc model for $sub$../rtl/muldiv.sv:80$9 ($sub).
  creating $macc model for $mul$../rtl/muldiv.sv:35$6 ($mul).
  creating $macc model for $mul$../rtl/muldiv.sv:32$5 ($mul).
  creating $macc model for $mul$../rtl/muldiv.sv:31$4 ($mul).
  creating $macc model for $mul$../rtl/muldiv.sv:30$3 ($mul).
  creating $alu model for $macc $sub$../rtl/muldiv.sv:80$9.
  creating $alu model for $macc $sub$../rtl/muldiv.sv:109$52.
  creating $alu model for $macc $sub$../rtl/muldiv.sv:110$55.
  creating $alu model for $macc $neg$../rtl/muldiv.sv:114$65.
  creating $alu model for $macc $neg$../rtl/muldiv.sv:115$68.
  creating $alu model for $macc $sub$../rtl/muldiv.sv:132$79.
  creating $alu model for $macc $neg$../rtl/muldiv.sv:144$86.
  creating $alu model for $macc $neg$../rtl/muldiv.sv:145$88.
  creating $macc cell for $mul$../rtl/muldiv.sv:35$6: $auto$alumacc.cc:399:replace_macc$744
  creating $macc cell for $mul$../rtl/muldiv.sv:32$5: $auto$alumacc.cc:399:replace_macc$745
  creating $macc cell for $mul$../rtl/muldiv.sv:31$4: $auto$alumacc.cc:399:replace_macc$746
  creating $macc cell for $mul$../rtl/muldiv.sv:30$3: $auto$alumacc.cc:399:replace_macc$747
  creating $alu model for $ge$../rtl/muldiv.sv:81$10 ($ge): merged with $sub$../rtl/muldiv.sv:80$9.
  creating $alu model for $eq$../rtl/muldiv.sv:133$80 ($eq): merged with $sub$../rtl/muldiv.sv:132$79.
  creating $alu cell for $neg$../rtl/muldiv.sv:145$88: $auto$alumacc.cc:548:replace_alu$748
  creating $alu cell for $neg$../rtl/muldiv.sv:144$86: $auto$alumacc.cc:548:replace_alu$751
  creating $alu cell for $sub$../rtl/muldiv.sv:132$79, $eq$../rtl/muldiv.sv:133$80: $auto$alumacc.cc:548:replace_alu$754
  creating $alu cell for $neg$../rtl/muldiv.sv:115$68: $auto$alumacc.cc:548:replace_alu$759
  creating $alu cell for $neg$../rtl/muldiv.sv:114$65: $auto$alumacc.cc:548:replace_alu$762
  creating $alu cell for $sub$../rtl/muldiv.sv:110$55: $auto$alumacc.cc:548:replace_alu$765
  creating $alu cell for $sub$../rtl/muldiv.sv:109$52: $auto$alumacc.cc:548:replace_alu$768
  creating $alu cell for $sub$../rtl/muldiv.sv:80$9, $ge$../rtl/muldiv.sv:81$10: $auto$alumacc.cc:548:replace_alu$771
  created 8 $alu and 4 $macc cells.

3.13. Executing SHARE pass (SAT-based resource sharing).

3.14. Executing OPT pass (performing simple optimizations).

3.14.1. Executing OPT_EXPR pass (perform const folding).
Optimizing module muldiv.

3.14.2. Executing OPT_MERGE pass (detect identical cells).
Finding identical cells in module `\muldiv'.
Computing hashes of 119 cells of `\muldiv'.
Finding duplicate cells in `\muldiv'.
Removed a total of 0 cells.

3.14.3. Executing OPT_MUXTREE pass (detect dead branches in mux trees).
Running muxtree optimizer on module \muldiv..
  Creating internal representation of mux trees.
  Evaluating internal representation of mux trees.
  Analyzing evaluation results.
Removed 0 multiplexer ports.
<suppressed ~70 debug messages>

3.14.4. Executing OPT_REDUCE pass (consolidate $*mux and $reduce_* inputs).
  Optimizing cells in module \muldiv.
Performed a total of 0 changes.

3.14.5. Executing OPT_MERGE pass (detect identical cells).
Finding identical cells in module `\muldiv'.
Computing hashes of 119 cells of `\muldiv'.
Finding duplicate cells in `\muldiv'.
Removed a total of 0 cells.

3.14.6. Executing OPT_DFF pass (perform DFF optimizations).
Adding SRST signal on $auto$ff.cc:337:slice$705 ($dffe) from module muldiv (D = $ternary$../rtl/muldiv.sv:115$69_Y [63:32], Q = \divisor_r [63:32], rval = 0).

3.14.7. Executing OPT_CLEAN pass (remove unused cells and wires).
Finding unused cells or wires in module \muldiv..
Removed 0 unused cells and 2 unused wires.
<suppressed ~1 debug messages>

3.14.8. Executing OPT_EXPR pass (perform const folding).
Optimizing module muldiv.

3.14.9. Rerunning OPT passes. (Maybe there is more to do..)

3.14.10. Executing OPT_MUXTREE pass (detect dead branches in mux trees).
Running muxtree optimizer on module \muldiv..
  Creating internal representation of mux trees.
  Evaluating internal representation of mux trees.
  Analyzing evaluation results.
Removed 0 multiplexer ports.
<suppressed ~71 debug messages>

3.14.11. Executing OPT_REDUCE pass (consolidate $*mux and $reduce_* inputs).
  Optimizing cells in module \muldiv.
Performed a total of 0 changes.

3.14.12. Executing OPT_MERGE pass (detect identical cells).
Finding identical cells in module `\muldiv'.
Computing hashes of 120 cells of `\muldiv'.
Finding duplicate cells in `\muldiv'.
Removed a total of 0 cells.

3.14.13. Executing OPT_DFF pass (perform DFF optimizations).

3.14.14. Executing OPT_CLEAN pass (remove unused cells and wires).
Finding unused cells or wires in module \muldiv..

3.14.15. Executing OPT_EXPR pass (perform const folding).
Optimizing module muldiv.

3.14.16. Finished fast OPT passes. (There is nothing left to do.)

3.15. Executing MEMORY pass.

3.15.1. Executing OPT_MEM pass (optimize memories).
Performed a total of 0 transformations.

3.15.2. Executing OPT_MEM_PRIORITY pass (removing unnecessary memory write priority relations).
Performed a total of 0 transformations.

3.15.3. Executing OPT_MEM_FEEDBACK pass (finding memory read-to-write feedback paths).

3.15.4. Executing MEMORY_BMUX2ROM pass (converting muxes to ROMs).

3.15.5. Executing MEMORY_DFF pass (merging $dff cells to $memrd).

3.15.6. Executing OPT_CLEAN pass (remove unused cells and wires).
Finding unused cells or wires in module \muldiv..

3.15.7. Executing MEMORY_SHARE pass (consolidating $memrd/$memwr cells).

3.15.8. Executing OPT_MEM_WIDEN pass (optimize memories where all ports are wide).
Performed a total of 0 transformations.

3.15.9. Executing OPT_CLEAN pass (remove unused cells and wires).
Finding unused cells or wires in module \muldiv..

3.15.10. Executing MEMORY_COLLECT pass (generating $mem cells).

3.16. Executing OPT_CLEAN pass (remove unused cells and wires).
Finding unused cells or wires in module \muldiv..

3.17. Executing OPT pass (performing simple optimizations).

3.17.1. Executing OPT_EXPR pass (perform const folding).
Optimizing module muldiv.
<suppressed ~16 debug messages>

3.17.2. Executing OPT_MERGE pass (detect identical cells).
Finding identical cells in module `\muldiv'.
Computing hashes of 110 cells of `\muldiv'.
Finding duplicate cells in `\muldiv'.
Removed a total of 0 cells.

3.17.3. Executing OPT_DFF pass (perform DFF optimizations).
Adding SRST signal on $auto$ff.cc:337:slice$732 ($dffe) from module muldiv (D = $sub$../rtl/muldiv.sv:132$79_Y, Q = \iter, rval = 7'1000000).
Adding SRST signal on $auto$ff.cc:337:slice$721 ($dffe) from module muldiv (D = $ternary$../rtl/muldiv.sv:130$78_Y, Q = \rem_r, rval = 64'0000000000000000000000000000000000000000000000000000000000000000).

3.17.4. Executing OPT_CLEAN pass (remove unused cells and wires).
Finding unused cells or wires in module \muldiv..
Removed 2 unused cells and 12 unused wires.
<suppressed ~3 debug messages>

3.17.5. Rerunning OPT passes. (Removed registers in this run.)

3.17.6. Executing OPT_EXPR pass (perform const folding).
Optimizing module muldiv.

3.17.7. Executing OPT_MERGE pass (detect identical cells).
Finding identical cells in module `\muldiv'.
Computing hashes of 108 cells of `\muldiv'.
Finding duplicate cells in `\muldiv'.
Removed a total of 0 cells.

3.17.8. Executing OPT_DFF pass (perform DFF optimizations).

3.17.9. Executing OPT_CLEAN pass (remove unused cells and wires).
Finding unused cells or wires in module \muldiv..

3.17.10. Finished fast OPT passes.

3.18. Executing MEMORY_MAP pass (converting memories to logic and flip-flops).

3.19. Executing OPT pass (performing simple optimizations).

3.19.1. Executing OPT_EXPR pass (perform const folding).
Optimizing module muldiv.

3.19.2. Executing OPT_MERGE pass (detect identical cells).
Finding identical cells in module `\muldiv'.
Computing hashes of 108 cells of `\muldiv'.
Finding duplicate cells in `\muldiv'.
Removed a total of 0 cells.

3.19.3. Executing OPT_MUXTREE pass (detect dead branches in mux trees).
Running muxtree optimizer on module \muldiv..
  Creating internal representation of mux trees.
  Evaluating internal representation of mux trees.
  Analyzing evaluation results.
Removed 0 multiplexer ports.
<suppressed ~56 debug messages>

3.19.4. Executing OPT_REDUCE pass (consolidate $*mux and $reduce_* inputs).
  Optimizing cells in module \muldiv.
    Consolidated identical input bits for $mux cell $procmux$623:
      Old ports: A=64'0000000000000000000000000000000000000000000000000000000000000000, B={ \mul_full [31] \mul_full [31] \mul_full [31] \mul_full [31] \mul_full [31] \mul_full [31] \mul_full [31] \mul_full [31] \mul_full [31] \mul_full [31] \mul_full [31] \mul_full [31] \mul_full [31] \mul_full [31] \mul_full [31] \mul_full [31] \mul_full [31] \mul_full [31] \mul_full [31] \mul_full [31] \mul_full [31] \mul_full [31] \mul_full [31] \mul_full [31] \mul_full [31] \mul_full [31] \mul_full [31] \mul_full [31] \mul_full [31] \mul_full [31] \mul_full [31] \mul_full [31] \mul_full [31:0] }, Y=$2\mul_result[63:0]
      New ports: A=0, B=\mul_full [31:0], Y=$2\mul_result[63:0] [31:0]
      New connections: $2\mul_result[63:0] [63:32] = { $2\mul_result[63:0] [31] $2\mul_result[63:0] [31] $2\mul_result[63:0] [31] $2\mul_result[63:0] [31] $2\mul_result[63:0] [31] $2\mul_result[63:0] [31] $2\mul_result[63:0] [31] $2\mul_result[63:0] [31] $2\mul_result[63:0] [31] $2\mul_result[63:0] [31] $2\mul_result[63:0] [31] $2\mul_result[63:0] [31] $2\mul_result[63:0] [31] $2\mul_result[63:0] [31] $2\mul_result[63:0] [31] $2\mul_result[63:0] [31] $2\mul_result[63:0] [31] $2\mul_result[63:0] [31] $2\mul_result[63:0] [31] $2\mul_result[63:0] [31] $2\mul_result[63:0] [31] $2\mul_result[63:0] [31] $2\mul_result[63:0] [31] $2\mul_result[63:0] [31] $2\mul_result[63:0] [31] $2\mul_result[63:0] [31] $2\mul_result[63:0] [31] $2\mul_result[63:0] [31] $2\mul_result[63:0] [31] $2\mul_result[63:0] [31] $2\mul_result[63:0] [31] $2\mul_result[63:0] [31] }
    Consolidated identical input bits for $mux cell $ternary$../rtl/muldiv.sv:148$91:
      Old ports: A=$ternary$../rtl/muldiv.sv:147$90_Y, B={ $ternary$../rtl/muldiv.sv:147$90_Y [31] $ternary$../rtl/muldiv.sv:147$90_Y [31] $ternary$../rtl/muldiv.sv:147$90_Y [31] $ternary$../rtl/muldiv.sv:147$90_Y [31] $ternary$../rtl/muldiv.sv:147$90_Y [31] $ternary$../rtl/muldiv.sv:147$90_Y [31] $ternary$../rtl/muldiv.sv:147$90_Y [31] $ternary$../rtl/muldiv.sv:147$90_Y [31] $ternary$../rtl/muldiv.sv:147$90_Y [31] $ternary$../rtl/muldiv.sv:147$90_Y [31] $ternary$../rtl/muldiv.sv:147$90_Y [31] $ternary$../rtl/muldiv.sv:147$90_Y [31] $ternary$../rtl/muldiv.sv:147$90_Y [31] $ternary$../rtl/muldiv.sv:147$90_Y [31] $ternary$../rtl/muldiv.sv:147$90_Y [31] $ternary$../rtl/muldiv.sv:147$90_Y [31] $ternary$../rtl/muldiv.sv:147$90_Y [31] $ternary$../rtl/muldiv.sv:147$90_Y [31] $ternary$../rtl/muldiv.sv:147$90_Y [31] $ternary$../rtl/muldiv.sv:147$90_Y [31] $ternary$../rtl/muldiv.sv:147$90_Y [31] $ternary$../rtl/muldiv.sv:147$90_Y [31] $ternary$../rtl/muldiv.sv:147$90_Y [31] $ternary$../rtl/muldiv.sv:147$90_Y [31] $ternary$../rtl/muldiv.sv:147$90_Y [31] $ternary$../rtl/muldiv.sv:147$90_Y [31] $ternary$../rtl/muldiv.sv:147$90_Y [31] $ternary$../rtl/muldiv.sv:147$90_Y [31] $ternary$../rtl/muldiv.sv:147$90_Y [31] $ternary$../rtl/muldiv.sv:147$90_Y [31] $ternary$../rtl/muldiv.sv:147$90_Y [31] $ternary$../rtl/muldiv.sv:147$90_Y [31] $ternary$../rtl/muldiv.sv:147$90_Y [31:0] }, Y=$ternary$../rtl/muldiv.sv:148$91_Y
      New ports: A=$ternary$../rtl/muldiv.sv:147$90_Y [63:32], B={ $ternary$../rtl/muldiv.sv:147$90_Y [31] $ternary$../rtl/muldiv.sv:147$90_Y [31] $ternary$../rtl/muldiv.sv:147$90_Y [31] $ternary$../rtl/muldiv.sv:147$90_Y [31] $ternary$../rtl/muldiv.sv:147$90_Y [31] $ternary$../rtl/muldiv.sv:147$90_Y [31] $ternary$../rtl/muldiv.sv:147$90_Y [31] $ternary$../rtl/muldiv.sv:147$90_Y [31] $ternary$../rtl/muldiv.sv:147$90_Y [31] $ternary$../rtl/muldiv.sv:147$90_Y [31] $ternary$../rtl/muldiv.sv:147$90_Y [31] $ternary$../rtl/muldiv.sv:147$90_Y [31] $ternary$../rtl/muldiv.sv:147$90_Y [31] $ternary$../rtl/muldiv.sv:147$90_Y [31] $ternary$../rtl/muldiv.sv:147$90_Y [31] $ternary$../rtl/muldiv.sv:147$90_Y [31] $ternary$../rtl/muldiv.sv:147$90_Y [31] $ternary$../rtl/muldiv.sv:147$90_Y [31] $ternary$../rtl/muldiv.sv:147$90_Y [31] $ternary$../rtl/muldiv.sv:147$90_Y [31] $ternary$../rtl/muldiv.sv:147$90_Y [31] $ternary$../rtl/muldiv.sv:147$90_Y [31] $ternary$../rtl/muldiv.sv:147$90_Y [31] $ternary$../rtl/muldiv.sv:147$90_Y [31] $ternary$../rtl/muldiv.sv:147$90_Y [31] $ternary$../rtl/muldiv.sv:147$90_Y [31] $ternary$../rtl/muldiv.sv:147$90_Y [31] $ternary$../rtl/muldiv.sv:147$90_Y [31] $ternary$../rtl/muldiv.sv:147$90_Y [31] $ternary$../rtl/muldiv.sv:147$90_Y [31] $ternary$../rtl/muldiv.sv:147$90_Y [31] $ternary$../rtl/muldiv.sv:147$90_Y [31] }, Y=$ternary$../rtl/muldiv.sv:148$91_Y [63:32]
      New connections: $ternary$../rtl/muldiv.sv:148$91_Y [31:0] = $ternary$../rtl/muldiv.sv:147$90_Y [31:0]
    Consolidated identical input bits for $mux cell $ternary$../rtl/muldiv.sv:138$83:
      Old ports: A=64'1111111111111111111111111111111111111111111111111111111111111111, B=64'0000000000000000000000000000000011111111111111111111111111111111, Y=$ternary$../rtl/muldiv.sv:138$83_Y
      New ports: A=1'1, B=1'0, Y=$ternary$../rtl/muldiv.sv:138$83_Y [32]
      New connections: { $ternary$../rtl/muldiv.sv:138$83_Y [63:33] $ternary$../rtl/muldiv.sv:138$83_Y [31:0] } = { $ternary$../rtl/muldiv.sv:138$83_Y [32] $ternary$../rtl/muldiv.sv:138$83_Y [32] $ternary$../rtl/muldiv.sv:138$83_Y [32] $ternary$../rtl/muldiv.sv:138$83_Y [32] $ternary$../rtl/muldiv.sv:138$83_Y [32] $ternary$../rtl/muldiv.sv:138$83_Y [32] $ternary$../rtl/muldiv.sv:138$83_Y [32] $ternary$../rtl/muldiv.sv:138$83_Y [32] $ternary$../rtl/muldiv.sv:138$83_Y [32] $ternary$../rtl/muldiv.sv:138$83_Y [32] $ternary$../rtl/muldiv.sv:138$83_Y [32] $ternary$../rtl/muldiv.sv:138$83_Y [32] $ternary$../rtl/muldiv.sv:138$83_Y [32] $ternary$../rtl/muldiv.sv:138$83_Y [32] $ternary$../rtl/muldiv.sv:138$83_Y [32] $ternary$../rtl/muldiv.sv:138$83_Y [32] $ternary$../rtl/muldiv.sv:138$83_Y [32] $ternary$../rtl/muldiv.sv:138$83_Y [32] $ternary$../rtl/muldiv.sv:138$83_Y [32] $ternary$../rtl/muldiv.sv:138$83_Y [32] $ternary$../rtl/muldiv.sv:138$83_Y [32] $ternary$../rtl/muldiv.sv:138$83_Y [32] $ternary$../rtl/muldiv.sv:138$83_Y [32] $ternary$../rtl/muldiv.sv:138$83_Y [32] $ternary$../rtl/muldiv.sv:138$83_Y [32] $ternary$../rtl/muldiv.sv:138$83_Y [32] $ternary$../rtl/muldiv.sv:138$83_Y [32] $ternary$../rtl/muldiv.sv:138$83_Y [32] $ternary$../rtl/muldiv.sv:138$83_Y [32] $ternary$../rtl/muldiv.sv:138$83_Y [32] $ternary$../rtl/muldiv.sv:138$83_Y [32] 32'11111111111111111111111111111111 }
  Optimizing cells in module \muldiv.
Performed a total of 3 changes.

3.19.5. Executing OPT_MERGE pass (detect identical cells).
Finding identical cells in module `\muldiv'.
Computing hashes of 108 cells of `\muldiv'.
Finding duplicate cells in `\muldiv'.
Removed a total of 0 cells.

3.19.6. Executing OPT_SHARE pass.
    Found cells that share an operand and can be merged by moving the $mux $procmux$156 in front of them:
        $logic_and$../rtl/muldiv.sv:111$60
        $logic_and$../rtl/muldiv.sv:116$73

    Found cells that share an operand and can be merged by moving the $mux $procmux$139 in front of them:
        $logic_and$../rtl/muldiv.sv:112$63
        $logic_and$../rtl/muldiv.sv:117$76

3.19.7. Executing OPT_DFF pass (perform DFF optimizations).

3.19.8. Executing OPT_CLEAN pass (remove unused cells and wires).
Finding unused cells or wires in module \muldiv..
Removed 0 unused cells and 4 unused wires.
<suppressed ~1 debug messages>

3.19.9. Executing OPT_EXPR pass (perform const folding).
Optimizing module muldiv.
<suppressed ~3 debug messages>

3.19.10. Rerunning OPT passes. (Maybe there is more to do..)

3.19.11. Executing OPT_MUXTREE pass (detect dead branches in mux trees).
Running muxtree optimizer on module \muldiv..
  Creating internal representation of mux trees.
  Evaluating internal representation of mux trees.
  Analyzing evaluation results.
Removed 0 multiplexer ports.
<suppressed ~46 debug messages>

3.19.12. Executing OPT_REDUCE pass (consolidate $*mux and $reduce_* inputs).
  Optimizing cells in module \muldiv.
Performed a total of 0 changes.

3.19.13. Executing OPT_MERGE pass (detect identical cells).
Finding identical cells in module `\muldiv'.
Computing hashes of 106 cells of `\muldiv'.
Finding duplicate cells in `\muldiv'.
Removed a total of 0 cells.

3.19.14. Executing OPT_SHARE pass.
    Found cells that share an operand and can be merged by moving the $mux $auto$opt_share.cc:244:merge_operators$789 in front of them:
        $logic_and$../rtl/muldiv.sv:111$58
        $logic_and$../rtl/muldiv.sv:116$71

3.19.15. Executing OPT_DFF pass (perform DFF optimizations).

3.19.16. Executing OPT_CLEAN pass (remove unused cells and wires).
Finding unused cells or wires in module \muldiv..
Removed 0 unused cells and 4 unused wires.
<suppressed ~1 debug messages>

3.19.17. Executing OPT_EXPR pass (perform const folding).
Optimizing module muldiv.
<suppressed ~1 debug messages>

3.19.18. Rerunning OPT passes. (Maybe there is more to do..)

3.19.19. Executing OPT_MUXTREE pass (detect dead branches in mux trees).
Running muxtree optimizer on module \muldiv..
  Creating internal representation of mux trees.
  Evaluating internal representation of mux trees.
  Analyzing evaluation results.
Removed 0 multiplexer ports.
<suppressed ~46 debug messages>

3.19.20. Executing OPT_REDUCE pass (consolidate $*mux and $reduce_* inputs).
  Optimizing cells in module \muldiv.
Performed a total of 0 changes.

3.19.21. Executing OPT_MERGE pass (detect identical cells).
Finding identical cells in module `\muldiv'.
Computing hashes of 105 cells of `\muldiv'.
Finding duplicate cells in `\muldiv'.
Removed a total of 0 cells.

3.19.22. Executing OPT_SHARE pass.

3.19.23. Executing OPT_DFF pass (perform DFF optimizations).

3.19.24. Executing OPT_CLEAN pass (remove unused cells and wires).
Finding unused cells or wires in module \muldiv..
Removed 0 unused cells and 1 unused wires.
<suppressed ~1 debug messages>

3.19.25. Executing OPT_EXPR pass (perform const folding).
Optimizing module muldiv.

3.19.26. Rerunning OPT passes. (Maybe there is more to do..)

3.19.27. Executing OPT_MUXTREE pass (detect dead branches in mux trees).
Running muxtree optimizer on module \muldiv..
  Creating internal representation of mux trees.
  Evaluating internal representation of mux trees.
  Analyzing evaluation results.
Removed 0 multiplexer ports.
<suppressed ~46 debug messages>

3.19.28. Executing OPT_REDUCE pass (consolidate $*mux and $reduce_* inputs).
  Optimizing cells in module \muldiv.
Performed a total of 0 changes.

3.19.29. Executing OPT_MERGE pass (detect identical cells).
Finding identical cells in module `\muldiv'.
Computing hashes of 105 cells of `\muldiv'.
Finding duplicate cells in `\muldiv'.
Removed a total of 0 cells.

3.19.30. Executing OPT_SHARE pass.

3.19.31. Executing OPT_DFF pass (perform DFF optimizations).

3.19.32. Executing OPT_CLEAN pass (remove unused cells and wires).
Finding unused cells or wires in module \muldiv..

3.19.33. Executing OPT_EXPR pass (perform const folding).
Optimizing module muldiv.

3.19.34. Finished fast OPT passes. (There is nothing left to do.)

3.20. Executing TECHMAP pass (map to technology primitives).

3.20.1. Executing Verilog-2005 frontend: /home/bomma/oss-cad-suite/lib/../share/yosys/techmap.v
Parsing Verilog input from `/home/bomma/oss-cad-suite/lib/../share/yosys/techmap.v' to AST representation.
Generating RTLIL representation for module `\_90_simplemap_bool_ops'.
Generating RTLIL representation for module `\_90_simplemap_reduce_ops'.
Generating RTLIL representation for module `\_90_simplemap_logic_ops'.
Generating RTLIL representation for module `\_90_simplemap_compare_ops'.
Generating RTLIL representation for module `\_90_simplemap_various'.
Generating RTLIL representation for module `\_90_simplemap_registers'.
Generating RTLIL representation for module `\_90_shift_ops_shr_shl_sshl_sshr'.
Generating RTLIL representation for module `\_90_shift_shiftx'.
Generating RTLIL representation for module `\_90_fa'.
Generating RTLIL representation for module `\_90_lcu_brent_kung'.
Generating RTLIL representation for module `\_90_alu'.
Generating RTLIL representation for module `\_90_macc'.
Generating RTLIL representation for module `\_90_alumacc'.
Generating RTLIL representation for module `$__div_mod_u'.
Generating RTLIL representation for module `$__div_mod_trunc'.
Generating RTLIL representation for module `\_90_div'.
Generating RTLIL representation for module `\_90_mod'.
Generating RTLIL representation for module `$__div_mod_floor'.
Generating RTLIL representation for module `\_90_divfloor'.
Generating RTLIL representation for module `\_90_modfloor'.
Generating RTLIL representation for module `\_90_pow'.
Generating RTLIL representation for module `\_90_demux'.
Generating RTLIL representation for module `\_90_lut'.
Generating RTLIL representation for module `$connect'.
Generating RTLIL representation for module `$input_port'.
Successfully finished Verilog frontend.

3.20.2. Continuing TECHMAP pass.
Using extmapper simplemap for cells of type $mux.
Using extmapper simplemap for cells of type $sdffce.
Using extmapper simplemap for cells of type $dffe.
Using extmapper simplemap for cells of type $reduce_or.
Using extmapper simplemap for cells of type $not.
Using extmapper simplemap for cells of type $or.
Using extmapper simplemap for cells of type $reduce_and.
Using template $paramod$039520c137afc9cd69dd56c3fb11a4e1fbe5f664\_90_alu for cells of type $alu.
Using template $paramod$6a42b6fefed750f8a1c58eab59479d960557103c\_90_alu for cells of type $alu.
Using template $paramod$38ea46ffd892378bfaf8febe0c8ac03b94ee7ee9\_90_alu for cells of type $alu.
Using template $paramod$10ed987432f06055e5279101f9ec60a49861b43c\_90_alu for cells of type $alu.
Using extmapper maccmap for cells of type $macc_v2.
  add \a * \b (64x64 bits, signed)
  add { 1'0 \b } * \a (65x64 bits, signed)
  add \a * \b (64x64 bits, unsigned)
  add \a * \b (64x64 bits, unsigned)
Using extmapper simplemap for cells of type $sdff.
Using extmapper simplemap for cells of type $reduce_bool.
Using extmapper simplemap for cells of type $ne.
Using extmapper simplemap for cells of type $sdffe.
Using extmapper simplemap for cells of type $logic_not.
Using extmapper simplemap for cells of type $eq.
Using extmapper simplemap for cells of type $logic_and.
Using extmapper simplemap for cells of type $xor.
Using extmapper simplemap for cells of type $logic_or.
Using extmapper simplemap for cells of type $pmux.
Using extmapper simplemap for cells of type $and.
Using template $paramod\_90_fa\WIDTH=32'00000000000000000000000001000000 for cells of type $fa.
Using template $paramod\_90_fa\WIDTH=32'00000000000000000000000010000000 for cells of type $fa.
Using template $paramod$7e7bdf4b0adff8e15b2cb24084cd1b911e7a73b3\_90_alu for cells of type $alu.
Using extmapper simplemap for cells of type $pos.
Using template $paramod\_90_fa\WIDTH=32'00000000000000000000000000100000 for cells of type $fa.
Using template $paramod\_90_lcu_brent_kung\WIDTH=32'00000000000000000000000000100000 for cells of type $lcu.
Using template $paramod\_90_lcu_brent_kung\WIDTH=32'00000000000000000000000001000000 for cells of type $lcu.
Using template $paramod\_90_fa\WIDTH=32'00000000000000000000000000000111 for cells of type $fa.
Using template $paramod\_90_lcu_brent_kung\WIDTH=32'00000000000000000000000000000111 for cells of type $lcu.
Using template $paramod\_90_lcu_brent_kung\WIDTH=32'00000000000000000000000010000000 for cells of type $lcu.
No more expansions possible.
<suppressed ~6730 debug messages>

3.21. Executing OPT pass (performing simple optimizations).

3.21.1. Executing OPT_EXPR pass (perform const folding).
Optimizing module muldiv.
<suppressed ~77142 debug messages>

3.21.2. Executing OPT_MERGE pass (detect identical cells).
Finding identical cells in module `\muldiv'.
Computing hashes of 105364 cells of `\muldiv'.
Finding duplicate cells in `\muldiv'.
Computing hashes of 92777 cells of `\muldiv'.
Finding duplicate cells in `\muldiv'.
Computing hashes of 86644 cells of `\muldiv'.
Finding duplicate cells in `\muldiv'.
Computing hashes of 81513 cells of `\muldiv'.
Finding duplicate cells in `\muldiv'.
Computing hashes of 78801 cells of `\muldiv'.
Finding duplicate cells in `\muldiv'.
Computing hashes of 75504 cells of `\muldiv'.
Finding duplicate cells in `\muldiv'.
Computing hashes of 72239 cells of `\muldiv'.
Finding duplicate cells in `\muldiv'.
Computing hashes of 70442 cells of `\muldiv'.
Finding duplicate cells in `\muldiv'.
Computing hashes of 68376 cells of `\muldiv'.
Finding duplicate cells in `\muldiv'.
Computing hashes of 66485 cells of `\muldiv'.
Finding duplicate cells in `\muldiv'.
Computing hashes of 65381 cells of `\muldiv'.
Finding duplicate cells in `\muldiv'.
Computing hashes of 64204 cells of `\muldiv'.
Finding duplicate cells in `\muldiv'.
Computing hashes of 63075 cells of `\muldiv'.
Finding duplicate cells in `\muldiv'.
Computing hashes of 62353 cells of `\muldiv'.
Finding duplicate cells in `\muldiv'.
Computing hashes of 61674 cells of `\muldiv'.
Finding duplicate cells in `\muldiv'.
Computing hashes of 61026 cells of `\muldiv'.
Finding duplicate cells in `\muldiv'.
Computing hashes of 60565 cells of `\muldiv'.
Finding duplicate cells in `\muldiv'.
Computing hashes of 60100 cells of `\muldiv'.
Finding duplicate cells in `\muldiv'.
Computing hashes of 59736 cells of `\muldiv'.
Finding duplicate cells in `\muldiv'.
Computing hashes of 59490 cells of `\muldiv'.
Finding duplicate cells in `\muldiv'.
Computing hashes of 59289 cells of `\muldiv'.
Finding duplicate cells in `\muldiv'.
Computing hashes of 59142 cells of `\muldiv'.
Finding duplicate cells in `\muldiv'.
Computing hashes of 59071 cells of `\muldiv'.
Finding duplicate cells in `\muldiv'.
Computing hashes of 58967 cells of `\muldiv'.
Finding duplicate cells in `\muldiv'.
Computing hashes of 58862 cells of `\muldiv'.
Finding duplicate cells in `\muldiv'.
Computing hashes of 58798 cells of `\muldiv'.
Finding duplicate cells in `\muldiv'.
Computing hashes of 58696 cells of `\muldiv'.
Finding duplicate cells in `\muldiv'.
Computing hashes of 58598 cells of `\muldiv'.
Finding duplicate cells in `\muldiv'.
Computing hashes of 58547 cells of `\muldiv'.
Finding duplicate cells in `\muldiv'.
Computing hashes of 58440 cells of `\muldiv'.
Finding duplicate cells in `\muldiv'.
Computing hashes of 58397 cells of `\muldiv'.
Finding duplicate cells in `\muldiv'.
Computing hashes of 58366 cells of `\muldiv'.
Finding duplicate cells in `\muldiv'.
Computing hashes of 58344 cells of `\muldiv'.
Finding duplicate cells in `\muldiv'.
Computing hashes of 58325 cells of `\muldiv'.
Finding duplicate cells in `\muldiv'.
Computing hashes of 58312 cells of `\muldiv'.
Finding duplicate cells in `\muldiv'.
Computing hashes of 58300 cells of `\muldiv'.
Finding duplicate cells in `\muldiv'.
Computing hashes of 58287 cells of `\muldiv'.
Finding duplicate cells in `\muldiv'.
Computing hashes of 58277 cells of `\muldiv'.
Finding duplicate cells in `\muldiv'.
Computing hashes of 58264 cells of `\muldiv'.
Finding duplicate cells in `\muldiv'.
Computing hashes of 58251 cells of `\muldiv'.
Finding duplicate cells in `\muldiv'.
Computing hashes of 58236 cells of `\muldiv'.
Finding duplicate cells in `\muldiv'.
Computing hashes of 58222 cells of `\muldiv'.
Finding duplicate cells in `\muldiv'.
Computing hashes of 58211 cells of `\muldiv'.
Finding duplicate cells in `\muldiv'.
Computing hashes of 58200 cells of `\muldiv'.
Finding duplicate cells in `\muldiv'.
Computing hashes of 58195 cells of `\muldiv'.
Finding duplicate cells in `\muldiv'.
Computing hashes of 58190 cells of `\muldiv'.
Finding duplicate cells in `\muldiv'.
Computing hashes of 58189 cells of `\muldiv'.
Finding duplicate cells in `\muldiv'.
Computing hashes of 58188 cells of `\muldiv'.
Finding duplicate cells in `\muldiv'.
<suppressed ~141528 debug messages>
Removed a total of 47176 cells.

3.21.3. Executing OPT_DFF pass (perform DFF optimizations).
Adding SRST signal on $auto$ff.cc:337:slice$2382 ($_SDFF_PP0_) from module muldiv (D = $auto$simplemap.cc:189:logic_reduce$4075, Q = \done, rval = 1'0).

3.21.4. Executing OPT_CLEAN pass (remove unused cells and wires).
Finding unused cells or wires in module \muldiv..
Removed 890 unused cells and 5152 unused wires.
<suppressed ~891 debug messages>

3.21.5. Rerunning OPT passes. (Removed registers in this run.)

3.21.6. Executing OPT_EXPR pass (perform const folding).
Optimizing module muldiv.

3.21.7. Executing OPT_MERGE pass (detect identical cells).
Finding identical cells in module `\muldiv'.
Computing hashes of 57300 cells of `\muldiv'.
Finding duplicate cells in `\muldiv'.
Removed a total of 0 cells.

3.21.8. Executing OPT_DFF pass (perform DFF optimizations).

3.21.9. Executing OPT_CLEAN pass (remove unused cells and wires).
Finding unused cells or wires in module \muldiv..

3.21.10. Finished fast OPT passes.

3.22. Executing ABC pass (technology mapping using ABC).

3.22.1. Extracting gate netlist of module `\muldiv' to `<abc-temp-dir>/input.blif'..

3.22.1.1. Executed ABC.
Extracted 56964 gates and 57371 wires to a netlist network with 405 inputs and 278 outputs.
Running ABC script: <abc-temp-dir>/abc.script
ABC: UC Berkeley, ABC 1.01 (compiled Sep 12 2026 05:01:00)
ABC: abc 01> empty
ABC: abc 01> source <abc-temp-dir>/abc.script
ABC: + read_blif <abc-temp-dir>/input.blif 
ABC: + read_library <abc-temp-dir>/stdcells.genlib 
ABC: + strash 
ABC: + &get -n 
ABC: + &fraig -x 
ABC: + &put 
ABC: + scorr 
ABC: Warning: The network is combinational (run "fraig" or "fraig_sweep").
ABC: + dc2 
ABC: + dretime 
ABC: + strash 
ABC: + &get -n 
ABC: + &dch -f 
ABC: + &nf 
ABC: + &put 
ABC: + write_blif <abc-temp-dir>/output.blif 
ABC: 
ABC: YOSYS_ABC_DONE 

3.22.1.2. Re-integrating ABC results.
ABC RESULTS:               AND cells:     5909
ABC RESULTS:            ANDNOT cells:      323
ABC RESULTS:               MUX cells:      185
ABC RESULTS:              NAND cells:    28076
ABC RESULTS:               NOR cells:       63
ABC RESULTS:               NOT cells:       26
ABC RESULTS:                OR cells:      906
ABC RESULTS:             ORNOT cells:      730
ABC RESULTS:              XNOR cells:     4547
ABC RESULTS:               XOR cells:    14287
ABC RESULTS:        internal signals:    56688
ABC RESULTS:           input signals:      405
ABC RESULTS:          output signals:      278
Removing temp directory.
Removing global temp directory.

3.23. Executing OPT pass (performing simple optimizations).

3.23.1. Executing OPT_EXPR pass (perform const folding).
Optimizing module muldiv.

3.23.2. Executing OPT_MERGE pass (detect identical cells).
Finding identical cells in module `\muldiv'.
Computing hashes of 55388 cells of `\muldiv'.
Finding duplicate cells in `\muldiv'.
Computing hashes of 55387 cells of `\muldiv'.
Finding duplicate cells in `\muldiv'.
<suppressed ~3 debug messages>
Removed a total of 1 cells.

3.23.3. Executing OPT_DFF pass (perform DFF optimizations).

3.23.4. Executing OPT_CLEAN pass (remove unused cells and wires).
Finding unused cells or wires in module \muldiv..
Removed 0 unused cells and 3609 unused wires.
<suppressed ~8 debug messages>

3.23.5. Finished fast OPT passes.

3.24. Executing HIERARCHY pass (managing design hierarchy).
Attribute `top' found on module `muldiv'. Setting top module to muldiv.

3.24.1. Analyzing design hierarchy..
Top module:  \muldiv

3.24.2. Analyzing design hierarchy..
Top module:  \muldiv
Removed 0 unused modules.

3.25. Printing statistics.

=== muldiv ===

        +----------Local Count, excluding submodules.
        | 
    55046 wires
    56324 wire bits
       32 public wires
     1241 public wire bits
       10 ports
      201 port bits
    55387 cells
      323   $_ANDNOT_
     5909   $_AND_
      166   $_DFFE_PP_
      185   $_MUX_
    28075   $_NAND_
       63   $_NOR_
       26   $_NOT_
      730   $_ORNOT_
      906   $_OR_
       70   $_SDFFCE_PN0P_
        1   $_SDFFCE_PN1P_
       32   $_SDFFCE_PP0P_
       66   $_SDFFE_PP0P_
        1   $_SDFF_PP0_
     4547   $_XNOR_
    14287   $_XOR_

3.26. Executing CHECK pass (checking for obvious problems).
Checking module muldiv...
Found and reported 0 problems.

4. Executing DFFLIBMAP pass (mapping DFF/DLATCH cells to sequential cells from liberty file).
  cell sg13g2_dfrbpq_1 (noninv, pins=4, area=48.99) is a direct match for cell type $_DFF_PN0_.
  cell sg13g2_dlhq_1 (noninv, pins=3, area=30.84) is a direct match for cell type $_DLATCH_P_.
  cell sg13g2_dllrq_1 (noninv, pins=4, area=29.03) is a direct match for cell type $_DLATCH_NN0_.
  cell sg13g2_dlhrq_1 (noninv, pins=4, area=27.22) is a direct match for cell type $_DLATCH_PN0_.
  final dff/dlatch cell mappings:
    unmapped dff/dlatch cell: $_DFF_N_
    unmapped dff/dlatch cell: $_DFF_P_
    unmapped dff/dlatch cell: $_DFF_NN0_
    unmapped dff/dlatch cell: $_DFF_NN1_
    unmapped dff/dlatch cell: $_DFF_NP0_
    unmapped dff/dlatch cell: $_DFF_NP1_
    \sg13g2_dfrbpq_1 _DFF_PN0_ (.CLK( C), .D( D), .Q( Q), .RESET_B( R));
    unmapped dff/dlatch cell: $_DFF_PN1_
    unmapped dff/dlatch cell: $_DFF_PP0_
    unmapped dff/dlatch cell: $_DFF_PP1_
    unmapped dff/dlatch cell: $_DFFE_NN_
    unmapped dff/dlatch cell: $_DFFE_NP_
    unmapped dff/dlatch cell: $_DFFE_PN_
    unmapped dff/dlatch cell: $_DFFE_PP_
    unmapped dff/dlatch cell: $_DFFSR_NNN_
    unmapped dff/dlatch cell: $_DFFSR_NNP_
    unmapped dff/dlatch cell: $_DFFSR_NPN_
    unmapped dff/dlatch cell: $_DFFSR_NPP_
    unmapped dff/dlatch cell: $_DFFSR_PNN_
    unmapped dff/dlatch cell: $_DFFSR_PNP_
    unmapped dff/dlatch cell: $_DFFSR_PPN_
    unmapped dff/dlatch cell: $_DFFSR_PPP_
    unmapped dff/dlatch cell: $_DLATCH_N_
    \sg13g2_dlhq_1 _DLATCH_P_ (.D( D), .GATE( E), .Q( Q));
    \sg13g2_dllrq_1 _DLATCH_NN0_ (.D( D), .GATE_N( E), .Q( Q), .RESET_B( R));
    unmapped dff/dlatch cell: $_DLATCH_NN1_
    unmapped dff/dlatch cell: $_DLATCH_NP0_
    unmapped dff/dlatch cell: $_DLATCH_NP1_
    \sg13g2_dlhrq_1 _DLATCH_PN0_ (.D( D), .GATE( E), .Q( Q), .RESET_B( R));
    unmapped dff/dlatch cell: $_DLATCH_PN1_
    unmapped dff/dlatch cell: $_DLATCH_PP0_
    unmapped dff/dlatch cell: $_DLATCH_PP1_
    unmapped dff/dlatch cell: $_DLATCHSR_NNN_
    unmapped dff/dlatch cell: $_DLATCHSR_NNP_
    unmapped dff/dlatch cell: $_DLATCHSR_NPN_
    unmapped dff/dlatch cell: $_DLATCHSR_NPP_
    unmapped dff/dlatch cell: $_DLATCHSR_PNN_
    unmapped dff/dlatch cell: $_DLATCHSR_PNP_
    unmapped dff/dlatch cell: $_DLATCHSR_PPN_
    unmapped dff/dlatch cell: $_DLATCHSR_PPP_

4.1. Executing DFFLEGALIZE pass (convert FFs and LATCHes to types supported by the target).
<suppressed ~4 debug messages>
Mapping DFF/DLATCH cells in module `\muldiv':
  mapped 336 $_DFF_PN0_ cells to \sg13g2_dfrbpq_1 cells.

5. Executing ABC pass (technology mapping using ABC).

5.1. Extracting gate netlist of module `\muldiv' to `<abc-temp-dir>/input.blif'..
ABC: using cached merged SCL: /tmp/yosys-liberty-scl-cache-1000/yosys_merged_0a0e92c0.scl (1 files)

5.1.1. Executed ABC.
Extracted 55556 gates and 56027 wires to a netlist network with 469 inputs and 337 outputs.
Running ABC script: <abc-temp-dir>/abc.script
ABC: UC Berkeley, ABC 1.01 (compiled Sep 12 2026 05:01:00)
ABC: abc 01> empty
ABC: abc 01> source <abc-temp-dir>/abc.script
ABC: + read_blif <abc-temp-dir>/input.blif 
ABC: + read_scl /tmp/yosys-liberty-scl-cache-1000/yosys_merged_0a0e92c0.scl 
ABC: + strash 
ABC: + &get -n 
ABC: + &fraig -x 
ABC: + &put 
ABC: + scorr 
ABC: Warning: The network is combinational (run "fraig" or "fraig_sweep").
ABC: + dc2 
ABC: + dretime 
ABC: + strash 
ABC: + &get -n 
ABC: + &dch -f 
ABC: + &nf 
ABC: + &put 
ABC: + write_blif <abc-temp-dir>/output.blif 
ABC: 
ABC: YOSYS_ABC_DONE 

5.1.2. Re-integrating ABC results.
ABC RESULTS:     sg13g2_a21o_1 cells:     2487
ABC RESULTS:    sg13g2_a21oi_1 cells:     3089
ABC RESULTS:   sg13g2_a221oi_1 cells:      100
ABC RESULTS:    sg13g2_a22oi_1 cells:     1014
ABC RESULTS:     sg13g2_and2_1 cells:     1626
ABC RESULTS:     sg13g2_and3_1 cells:      592
ABC RESULTS:     sg13g2_and4_1 cells:       78
ABC RESULTS:      sg13g2_inv_1 cells:     1086
ABC RESULTS:     sg13g2_mux2_1 cells:       36
ABC RESULTS:    sg13g2_nand2_1 cells:     6488
ABC RESULTS:   sg13g2_nand2b_1 cells:     3794
ABC RESULTS:    sg13g2_nand3_1 cells:     2330
ABC RESULTS:   sg13g2_nand3b_1 cells:       41
ABC RESULTS:    sg13g2_nand4_1 cells:      154
ABC RESULTS:     sg13g2_nor2_1 cells:     2930
ABC RESULTS:    sg13g2_nor2b_1 cells:     2076
ABC RESULTS:     sg13g2_nor3_1 cells:     1735
ABC RESULTS:     sg13g2_nor4_1 cells:       68
ABC RESULTS:    sg13g2_o21ai_1 cells:     4748
ABC RESULTS:      sg13g2_or2_1 cells:      916
ABC RESULTS:      sg13g2_or3_1 cells:     1326
ABC RESULTS:      sg13g2_or4_1 cells:        9
ABC RESULTS:    sg13g2_xnor2_1 cells:     8151
ABC RESULTS:     sg13g2_xor2_1 cells:     4851
ABC RESULTS:        internal signals:    55221
ABC RESULTS:           input signals:      469
ABC RESULTS:          output signals:      337
Removing temp directory.
Removing global temp directory.

6. Executing OPT_CLEAN pass (remove unused cells and wires).
Finding unused cells or wires in module \muldiv..
Removed 0 unused cells and 55989 unused wires.
<suppressed ~1 debug messages>

7. Printing statistics.

=== muldiv ===

        +----------Local Count, excluding submodules.
        |        +-Local Area, excluding submodules.
        |        | 
    49756        - wires
    50965        - wire bits
       32        - public wires
     1241        - public wire bits
       10        - ports
      201        - port bits
    50061 5.37E+05 cells
     2487 3.16E+04   sg13g2_a21o_1
     3089  2.8E+04   sg13g2_a21oi_1
      100  1451.52   sg13g2_a221oi_1
     1014  1.1E+04   sg13g2_a22oi_1
     1626 1.48E+04   sg13g2_and2_1
      592 7.52E+03   sg13g2_and3_1
       78 1.13E+03   sg13g2_and4_1
      336 1.65E+04   sg13g2_dfrbpq_1
     1086 5.91E+03   sg13g2_inv_1
       36  653.184   sg13g2_mux2_1
     6488 4.71E+04   sg13g2_nand2_1
     3794 3.44E+04   sg13g2_nand2b_1
     2330 2.11E+04   sg13g2_nand3_1
       41  520.733   sg13g2_nand3b_1
      154 1.68E+03   sg13g2_nand4_1
     2930 2.13E+04   sg13g2_nor2_1
     2076 1.88E+04   sg13g2_nor2b_1
     1735 1.57E+04   sg13g2_nor3_1
       68  740.275   sg13g2_nor4_1
     4748 4.31E+04   sg13g2_o21ai_1
      916 8.31E+03   sg13g2_or2_1
     1326 1.68E+04   sg13g2_or3_1
        9  130.637   sg13g2_or4_1
     8151 1.18E+05   sg13g2_xnor2_1
     4851 7.04E+04   sg13g2_xor2_1

   Chip area for module '\muldiv': 536991.411600
     of which used for sequential elements: 16460.236800 (3.07%)

8. Executing Verilog backend.

8.1. Executing BMUXMAP pass.

8.2. Executing DEMUXMAP pass.
Dumping module `\muldiv'.

9. Executing JSON backend.

End of script. Logfile hash: fd99a101ee, time: 439.76s, user: 9.41s, system: 0.46s, MEM: 348.55 MB peak
Yosys 0.69+24 (git sha1 d0e71cfb7-dirty, Release, Clang /usr/bin/clang++ 21.1.8)
Time spent: 98% 2x abc (432 sec), 0% 30x opt_expr (2 sec), ...
